Component: ARM Compiler 5.06 update 7 (build 960) Tool: armlink [4d3601]

==============================================================================

Section Cross References

    main.o(.text) refers to init.o(.text) for peripheral_init
    main.o(.text) refers to task_list.o(.text) for task_dispatch
    stm32f10x_it.o(.text) refers to stm32f10x_usart.o(.text) for USART_GetFlagStatus
    stm32f10x_it.o(.text) refers to stm32f10x_exti.o(.text) for EXTI_GetITStatus
    stm32f10x_it.o(.text) refers to init.o(.data) for MAX30102_RDY
    system_stm32f10x.o(.text) refers to system_stm32f10x.o(.data) for SystemCoreClock
    startup_stm32f10x_md.o(RESET) refers to startup_stm32f10x_md.o(STACK) for __initial_sp
    startup_stm32f10x_md.o(RESET) refers to startup_stm32f10x_md.o(.text) for Reset_Handler
    startup_stm32f10x_md.o(RESET) refers to stm32f10x_it.o(.text) for NMI_Handler
    startup_stm32f10x_md.o(RESET) refers to systick.o(.text) for SysTick_Handler
    startup_stm32f10x_md.o(RESET) refers to tim.o(.text) for TIM2_IRQHandler
    startup_stm32f10x_md.o(RESET) refers to esp_usart.o(.text) for USART2_IRQHandler
    startup_stm32f10x_md.o(.text) refers to system_stm32f10x.o(.text) for SystemInit
    startup_stm32f10x_md.o(.text) refers to entry.o(.ARM.Collect$$$$00000000) for __main
    stm32f10x_adc.o(.text) refers to stm32f10x_rcc.o(.text) for RCC_APB2PeriphResetCmd
    stm32f10x_bkp.o(.text) refers to stm32f10x_rcc.o(.text) for RCC_BackupResetCmd
    stm32f10x_can.o(.text) refers to stm32f10x_rcc.o(.text) for RCC_APB1PeriphResetCmd
    stm32f10x_cec.o(.text) refers to stm32f10x_rcc.o(.text) for RCC_APB1PeriphResetCmd
    stm32f10x_dac.o(.text) refers to stm32f10x_rcc.o(.text) for RCC_APB1PeriphResetCmd
    stm32f10x_gpio.o(.text) refers to stm32f10x_rcc.o(.text) for RCC_APB2PeriphResetCmd
    stm32f10x_i2c.o(.text) refers to stm32f10x_rcc.o(.text) for RCC_APB1PeriphResetCmd
    stm32f10x_pwr.o(.text) refers to stm32f10x_rcc.o(.text) for RCC_APB1PeriphResetCmd
    stm32f10x_rcc.o(.text) refers to stm32f10x_rcc.o(.data) for APBAHBPrescTable
    stm32f10x_spi.o(.text) refers to stm32f10x_rcc.o(.text) for RCC_APB2PeriphResetCmd
    stm32f10x_tim.o(.text) refers to stm32f10x_rcc.o(.text) for RCC_APB2PeriphResetCmd
    stm32f10x_usart.o(.text) refers to stm32f10x_rcc.o(.text) for RCC_APB2PeriphResetCmd
    stm32f10x_wwdg.o(.text) refers to stm32f10x_rcc.o(.text) for RCC_APB1PeriphResetCmd
    led.o(.text) refers to stm32f10x_rcc.o(.text) for RCC_APB2PeriphClockCmd
    led.o(.text) refers to stm32f10x_bkp.o(.text) for BKP_TamperPinCmd
    led.o(.text) refers to stm32f10x_gpio.o(.text) for GPIO_Init
    beep.o(.text) refers to stm32f10x_rcc.o(.text) for RCC_APB2PeriphClockCmd
    beep.o(.text) refers to stm32f10x_gpio.o(.text) for GPIO_Init
    ds18b20.o(.text) refers to stm32f10x_gpio.o(.text) for GPIO_Init
    ds18b20.o(.text) refers to systick.o(.text) for delay_us
    ds18b20.o(.text) refers to stm32f10x_rcc.o(.text) for RCC_APB2PeriphClockCmd
    ds18b20.o(.text) refers to dflti.o(.text) for __aeabi_i2d
    ds18b20.o(.text) refers to dmul.o(.text) for __aeabi_dmul
    ds18b20.o(.text) refers to d2f.o(.text) for __aeabi_d2f
    ds18b20.o(.text) refers to dfltui.o(.text) for __aeabi_ui2d
    ds18b20.o(.text) refers to f2d.o(.text) for __aeabi_f2d
    ds18b20.o(.text) refers to printfa.o(i.__0printf) for __2printf
    ds18b20.o(.text) refers to cfcmple.o(.text) for __aeabi_cfcmpeq
    ds18b20.o(.text) refers to cfrcmple.o(.text) for __aeabi_cfrcmple
    ds18b20.o(.text) refers to beep.o(.text) for BEEP_ON
    ds18b20.o(.text) refers to ds18b20.o(.data) for cur_temperature
    ds18b20.o(.text) refers to ds18b20.o(.bss) for m_ds18b20_task
    gui.o(.text) refers to oled.o(.text) for OLED_Set_Pixel
    gui.o(.text) refers to gui.o(.constdata) for F8X16
    oled.o(.text) refers to oled_iic.o(.text) for Write_IIC_Data
    oled.o(.text) refers to memseta.o(.text) for __aeabi_memset
    oled.o(.text) refers to i2c.o(.text) for I2C_Config
    oled.o(.text) refers to systick.o(.text) for delay_ms
    oled.o(.text) refers to gui.o(.text) for GUI_ShowString
    oled.o(.text) refers to ffixui.o(.text) for __aeabi_f2uiz
    oled.o(.text) refers to test.o(.text) for TEST_English
    oled.o(.text) refers to oled.o(.bss) for OLED_buffer
    oled.o(.text) refers to ds18b20.o(.data) for cur_temperature
    oled.o(.text) refers to max30102.o(.data) for HR_Value
    oled_iic.o(.text) refers to stm32f10x_gpio.o(.text) for GPIO_SetBits
    oled_iic.o(.text) refers to i2c.o(.text) for I2C_write_OneByte
    max30102.o(.text) refers to i2c.o(.text) for I2C_write_OneByte
    max30102.o(.text) refers to stm32f10x_rcc.o(.text) for RCC_APB2PeriphClockCmd
    max30102.o(.text) refers to stm32f10x_gpio.o(.text) for GPIO_Init
    max30102.o(.text) refers to misc.o(.text) for NVIC_PriorityGroupConfig
    max30102.o(.text) refers to stm32f10x_exti.o(.text) for EXTI_Init
[...]
    ..\STM32F10x_FWLib\src\stm32f10x_dac.c   0x00000000   Number         0  stm32f10x_dac.o ABSOLUTE
    ..\STM32F10x_FWLib\src\stm32f10x_dbgmcu.c 0x00000000   Number         0  stm32f10x_dbgmcu.o ABSOLUTE
    ..\STM32F10x_FWLib\src\stm32f10x_dma.c   0x00000000   Number         0  stm32f10x_dma.o ABSOLUTE
    ..\STM32F10x_FWLib\src\stm32f10x_exti.c  0x00000000   Number         0  stm32f10x_exti.o ABSOLUTE
    ..\STM32F10x_FWLib\src\stm32f10x_flash.c 0x00000000   Number         0  stm32f10x_flash.o ABSOLUTE
    ..\STM32F10x_FWLib\src\stm32f10x_fsmc.c  0x00000000   Number         0  stm32f10x_fsmc.o ABSOLUTE
    ..\STM32F10x_FWLib\src\stm32f10x_gpio.c  0x00000000   Number         0  stm32f10x_gpio.o ABSOLUTE
    ..\STM32F10x_FWLib\src\stm32f10x_i2c.c   0x00000000   Number         0  stm32f10x_i2c.o ABSOLUTE
    ..\STM32F10x_FWLib\src\stm32f10x_iwdg.c  0x00000000   Number         0  stm32f10x_iwdg.o ABSOLUTE
    ..\STM32F10x_FWLib\src\stm32f10x_pwr.c   0x00000000   Number         0  stm32f10x_pwr.o ABSOLUTE
    ..\STM32F10x_FWLib\src\stm32f10x_rcc.c   0x00000000   Number         0  stm32f10x_rcc.o ABSOLUTE
    ..\STM32F10x_FWLib\src\stm32f10x_rtc.c   0x00000000   Number         0  stm32f10x_rtc.o ABSOLUTE
    ..\STM32F10x_FWLib\src\stm32f10x_sdio.c  0x00000000   Number         0  stm32f10x_sdio.o ABSOLUTE
    ..\STM32F10x_FWLib\src\stm32f10x_spi.c   0x00000000   Number         0  stm32f10x_spi.o ABSOLUTE
    ..\STM32F10x_FWLib\src\stm32f10x_tim.c   0x00000000   Number         0  stm32f10x_tim.o ABSOLUTE
    ..\STM32F10x_FWLib\src\stm32f10x_usart.c 0x00000000   Number         0  stm32f10x_usart.o ABSOLUTE
    ..\STM32F10x_FWLib\src\stm32f10x_wwdg.c  0x00000000   Number         0  stm32f10x_wwdg.o ABSOLUTE
    ..\SYSTEM\Hard_I2C\i2c.c                 0x00000000   Number         0  i2c.o ABSOLUTE
    ..\SYSTEM\Soft_IIC\soft_iic.c            0x00000000   Number         0  soft_iic.o ABSOLUTE
    ..\SYSTEM\SysTick\SysTick.c              0x00000000   Number         0  systick.o ABSOLUTE
    ..\SYSTEM\Sys\sys.c                      0x00000000   Number         0  sys.o ABSOLUTE
    ..\SYSTEM\TIM\TIM.c                      0x00000000   Number         0  tim.o ABSOLUTE
    ..\SYSTEM\Task_List\Task_List.c          0x00000000   Number         0  task_list.o ABSOLUTE
    ..\SYSTEM\USART\USART.c                  0x00000000   Number         0  usart.o ABSOLUTE
    ..\\CORE\\core_cm3.c                     0x00000000   Number         0  core_cm3.o ABSOLUTE
    cdcmple.s                                0x00000000   Number         0  cdcmple.o ABSOLUTE
    cdrcmple.s                               0x00000000   Number         0  cdrcmple.o ABSOLUTE
    cfcmple.s                                0x00000000   Number         0  cfcmple.o ABSOLUTE
    cfrcmple.s                               0x00000000   Number         0  cfrcmple.o ABSOLUTE
    dc.s                                     0x00000000   Number         0  dc.o ABSOLUTE
    handlers.s                               0x00000000   Number         0  handlers.o ABSOLUTE
    init.s                                   0x00000000   Number         0  init.o ABSOLUTE
    main.c                                   0x00000000   Number         0  main.o ABSOLUTE
    stm32f10x_it.c                           0x00000000   Number         0  stm32f10x_it.o ABSOLUTE
    system_stm32f10x.c                       0x00000000   Number         0  system_stm32f10x.o ABSOLUTE
    RESET                                    0x08000000   Section      236  startup_stm32f10x_md.o(RESET)
    .ARM.Collect$$$$00000000                 0x080000ec   Section        0  entry.o(.ARM.Collect$$$$00000000)
    .ARM.Collect$$$$00000001                 0x080000ec   Section        4  entry2.o(.ARM.Collect$$$$00000001)
    .ARM.Collect$$$$00000004                 0x080000f0   Section        4  entry5.o(.ARM.Collect$$$$00000004)
    .ARM.Collect$$$$00000008                 0x080000f4   Section        0  entry7b.o(.ARM.Collect$$$$00000008)
    .ARM.Collect$$$$0000000A                 0x080000f4   Section        0  entry8b.o(.ARM.Collect$$$$0000000A)
    .ARM.Collect$$$$0000000B                 0x080000f4   Section        8  entry9a.o(.ARM.Collect$$$$0000000B)
    .ARM.Collect$$$$0000000E                 0x080000fc   Section        4  entry12b.o(.ARM.Collect$$$$0000000E)
    .ARM.Collect$$$$0000000F                 0x08000100   Section        0  entry10a.o(.ARM.Collect$$$$0000000F)
    .ARM.Collect$$$$00000011                 0x08000100   Section        0  entry11a.o(.ARM.Collect$$$$00000011)
    .ARM.Collect$$$$00002712                 0x08000100   Section        4  entry2.o(.ARM.Collect$$$$00002712)
    __lit__00000000                          0x08000100   Data           4  entry2.o(.ARM.Collect$$$$00002712)
    .text                                    0x08000104   Section        0  main.o(.text)
    .text                                    0x08000118   Section        0  stm32f10x_it.o(.text)
    .text                                    0x080001b4   Section        0  system_stm32f10x.o(.text)
    SetSysClockTo72                          0x080001b5   Thumb Code   214  system_stm32f10x.o(.text)
    SetSysClock                              0x0800028b   Thumb Code     8  system_stm32f10x.o(.text)
    .text                                    0x08000394   Section       36  startup_stm32f10x_md.o(.text)
    .text                                    0x080003b8   Section        0  misc.o(.text)
    .text                                    0x08000494   Section        0  stm32f10x_bkp.o(.text)
    .text                                    0x08000558   Section        0  stm32f10x_dma.o(.text)
    .text                                    0x080007ac   Section        0  stm32f10x_exti.o(.text)
    .text                                    0x080008c8   Section        0  stm32f10x_gpio.o(.text)
    .text                                    0x08000c24   Section        0  stm32f10x_rcc.o(.text)
    .text                                    0x08000fc8   Section        0  stm32f10x_tim.o(.text)
    TI4_Config                               0x0800146f   Thumb Code   130  stm32f10x_tim.o(.text)
    TI3_Config                               0x08001503   Thumb Code   122  stm32f10x_tim.o(.text)
    TI2_Config                               0x08001597   Thumb Code   130  stm32f10x_tim.o(.text)
    TI1_Config                               0x0800162b   Thumb Code   108  stm32f10x_tim.o(.text)
    .text                                    0x08001de4   Section        0  stm32f10x_usart.o(.text)
    .text                                    0x080021ec   Section        0  led.o(.text)
    .text                                    0x08002338   Section        0  beep.o(.text)
    .text                                    0x0800239c   Section        0  ds18b20.o(.text)
    .text                                    0x08002648   Section        0  key.o(.text)
    .text                                    0x08002710   Section        0  mpu6050.o(.text)
    .text                                    0x08002a68   Section        0  inv_mpu.o(.text)
    set_int_enable                           0x08002a69   Thumb Code   138  inv_mpu.o(.text)
    get_accel_prod_shift                     0x08003cd9   Thumb Code   168  inv_mpu.o(.text)
    accel_self_test                          0x08003d81   Thumb Code   164  inv_mpu.o(.text)
    gyro_self_test                           0x08003e25   Thumb Code   280  inv_mpu.o(.text)
    get_st_biases                            0x08003f3d   Thumb Code  1134  inv_mpu.o(.text)
    .text                                    0x08004cf4   Section        0  inv_mpu_dmp_motion_driver.o(.text)
    decode_gesture                           0x080057a9   Thumb Code    94  inv_mpu_dmp_motion_driver.o(.text)
    .text                                    0x08005a64   Section        0  esp_usart.o(.text)
    .text                                    0x08005bb8   Section        0  init.o(.text)
    .text                                    0x08005c94   Section        0  soft_iic.o(.text)
    .text                                    0x08005fc4   Section        0  systick.o(.text)
    .text                                    0x08006044   Section        0  task_list.o(.text)
    .text                                    0x080060dc   Section        0  tim.o(.text)
    .text                                    0x08006248   Section        0  usart.o(.text)
    .text                                    0x080063b0   Section        0  ldiv.o(.text)
    .text                                    0x08006412   Section        0  memseta.o(.text)
    .text                                    0x08006436   Section        0  memcmp.o(.text)
    .text                                    0x08006450   Section        0  fadd.o(.text)
    .text                                    0x08006500   Section        0  fmul.o(.text)
    .text                                    0x08006564   Section        0  fdiv.o(.text)
    .text                                    0x080065e0   Section        0  dadd.o(.text)
    .text                                    0x0800672e   Section        0  dmul.o(.text)
    .text                                    0x08006812   Section        0  ddiv.o(.text)
    .text                                    0x080068f0   Section        0  fflti.o(.text)
    .text                                    0x08006902   Section        0  ffltui.o(.text)
    .text                                    0x0800690c   Section        0  dflti.o(.text)
    .text                                    0x0800692e   Section        0  dfltui.o(.text)
    .text                                    0x08006948   Section        0  ffixi.o(.text)
    .text                                    0x0800697a   Section        0  ffixui.o(.text)
    .text                                    0x080069a2   Section        0  f2d.o(.text)
    .text                                    0x080069c8   Section       48  cdrcmple.o(.text)
    .text                                    0x080069f8   Section        0  d2f.o(.text)
    .text                                    0x08006a30   Section       20  cfcmple.o(.text)
    .text                                    0x08006a44   Section       20  cfrcmple.o(.text)
    .text                                    0x08006a58   Section        0  uidiv.o(.text)
    .text                                    0x08006a84   Section        0  uldiv.o(.text)
    .text                                    0x08006ae6   Section        0  llshl.o(.text)
    .text                                    0x08006b04   Section        0  llsshr.o(.text)
    .text                                    0x08006b28   Section        0  iusefp.o(.text)
    .text                                    0x08006b28   Section        0  fepilogue.o(.text)
    .text                                    0x08006b96   Section        0  depilogue.o(.text)
    .text                                    0x08006c50   Section        0  dscalb.o(.text)
    .text                                    0x08006c7e   Section        0  dfixul.o(.text)
    .text                                    0x08006cb0   Section       48  cdcmple.o(.text)
    .text                                    0x08006ce0   Section       36  init.o(.text)
    .text                                    0x08006d04   Section        0  llushr.o(.text)
    .text                                    0x08006d24   Section        0  dsqrt.o(.text)
    .text                                    0x08006dc6   Section        0  __dczerorl2.o(.text)
    i.__0printf                              0x08006e1c   Section        0  printfa.o(i.__0printf)
    i.__ARM_fpclassify                       0x08006e3c   Section        0  fpclassify.o(i.__ARM_fpclassify)
    i.__kernel_poly                          0x08006e64   Section        0  poly.o(i.__kernel_poly)
    i.__mathlib_dbl_infnan                   0x08006f0e   Section        0  dunder.o(i.__mathlib_dbl_infnan)
    i.__mathlib_dbl_infnan2                  0x08006f14   Section        0  dunder.o(i.__mathlib_dbl_infnan2)
    i.__mathlib_dbl_invalid                  0x08006f18   Section        0  dunder.o(i.__mathlib_dbl_invalid)
    i.__mathlib_dbl_underflow                0x08006f24   Section        0  dunder.o(i.__mathlib_dbl_underflow)
    i.__scatterload_copy                     0x08006f34   Section       14  handlers.o(i.__scatterload_copy)
    i.__scatterload_null                     0x08006f42   Section        2  handlers.o(i.__scatterload_null)
    i.__scatterload_zeroinit                 0x08006f44   Section       14  handlers.o(i.__scatterload_zeroinit)
    i.__set_errno                            0x08006f54   Section        0  errno.o(i.__set_errno)
    i._fp_digits                             0x08006f60   Section        0  printfa.o(i._fp_digits)
    _fp_digits                               0x08006f61   Thumb Code   366  printfa.o(i._fp_digits)
    i._printf_core                           0x080070e4   Section        0  printfa.o(i._printf_core)
    _printf_core                             0x080070e5   Thumb Code  1704  printfa.o(i._printf_core)
    i._printf_post_padding                   0x08007798   Section        0  printfa.o(i._printf_post_padding)
    _printf_post_padding                     0x08007799   Thumb Code    36  printfa.o(i._printf_post_padding)
    i._printf_pre_padding                    0x080077bc   Section        0  printfa.o(i._printf_pre_padding)
    _printf_pre_padding                      0x080077bd   Thumb Code    46  printfa.o(i._printf_pre_padding)
    i.asin                                   0x080077ec   Section        0  asin.o(i.asin)
    i.atan                                   0x08007a5c   Section        0  atan.o(i.atan)
    i.atan2                                  0x08007c7c   Section        0  atan2.o(i.atan2)
    i.sqrt                                   0x08007e18   Section        0  sqrt.o(i.sqrt)
    .constdata                               0x08007e64   Section       80  inv_mpu.o(.constdata)
    .constdata                               0x08007eb4   Section     3062  inv_mpu_dmp_motion_driver.o(.constdata)
    dmp_memory                               0x08007eb4   Data        3062  inv_mpu_dmp_motion_driver.o(.constdata)
    .constdata                               0x08008ab0   Section       80  asin.o(.constdata)
    pS                                       0x08008ab0   Data          48  asin.o(.constdata)
    qS                                       0x08008ae0   Data          32  asin.o(.constdata)
    .constdata                               0x08008b00   Section      152  atan.o(.constdata)
    atanhi                                   0x08008b00   Data          32  atan.o(.constdata)
    atanlo                                   0x08008b20   Data          32  atan.o(.constdata)
    aTodd                                    0x08008b40   Data          40  atan.o(.constdata)
    aTeven                                   0x08008b68   Data          48  atan.o(.constdata)
    .constdata                               0x08008b98   Section        8  qnan.o(.constdata)
    .conststring                             0x08008ba0   Section       77  inv_mpu.o(.conststring)
    .data                                    0x20000000   Section       20  system_stm32f10x.o(.data)
    .data                                    0x20000014   Section       20  stm32f10x_rcc.o(.data)
    APBAHBPrescTable                         0x20000014   Data          16  stm32f10x_rcc.o(.data)
    ADCPrescTable                            0x20000024   Data           4  stm32f10x_rcc.o(.data)
    .data                                    0x20000028   Section        8  ds18b20.o(.data)
    .data                                    0x20000030   Section       24  mpu6050.o(.data)
    .data                                    0x20000048   Section       53  inv_mpu.o(.data)
    st                                       0x20000048   Data          44  inv_mpu.o(.data)
    gyro_orientation                         0x20000074   Data           9  inv_mpu.o(.data)
    .data                                    0x2000007e   Section      470  esp8266.o(.data)
    .data                                    0x20000254   Section        1  init.o(.data)
    .data                                    0x20000258   Section        4  systick.o(.data)
    .data                                    0x2000025c   Section        4  stdout.o(.data)
    .data                                    0x20000260   Section        4  errno.o(.data)
    _errno                                   0x20000260   Data           4  errno.o(.data)
    .bss                                     0x20000264   Section       16  ds18b20.o(.bss)
    .bss                                     0x20000274   Section       16  mpu6050.o(.bss)
    .bss                                     0x20000284   Section       16  inv_mpu_dmp_motion_driver.o(.bss)
    dmp                                      0x20000284   Data          16  inv_mpu_dmp_motion_driver.o(.bss)
    .bss                                     0x20000294   Section     1024  esp_usart.o(.bss)
    STACK                                    0x20000698   Section     1024  startup_stm32f10x_md.o(STACK)

    Global Symbols

    Symbol Name                              Value     Ov Type        Size  Object(Section)

    BuildAttributes$$THM_ISAv4$P$D$K$B$S$PE$A:L22UL41UL21$X:L11$S22US41US21$IEEE1$IW$USESV6$~STKCKD$USESV7$~SHL$OTIME$ROPI$IEEEX$EBA8$MICROLIB$REQ8$PRES8$EABIv2 0x00000000   Number         0  anon$$obj.o ABSOLUTE
    __ARM_use_no_argv                        0x00000000   Number         0  main.o ABSOLUTE
    _printf_a                                0x00000000   Number         0  stubs.o ABSOLUTE
    _printf_c                                0x00000000   Number         0  stubs.o ABSOLUTE
    _printf_charcount                        0x00000000   Number         0  stubs.o ABSOLUTE
    _printf_d                                0x00000000   Number         0  stubs.o ABSOLUTE
    _printf_e                                0x00000000   Number         0  stubs.o ABSOLUTE
    _printf_f                                0x00000000   Number         0  stubs.o ABSOLUTE
    _printf_flags                            0x00000000   Number         0  stubs.o ABSOLUTE
    _printf_fp_dec                           0x00000000   Number         0  stubs.o ABSOLUTE
    _printf_fp_hex                           0x00000000   Number         0  stubs.o ABSOLUTE
    _printf_g                                0x00000000   Number         0  stubs.o ABSOLUTE
    _printf_i                                0x00000000   Number         0  stubs.o ABSOLUTE
    _printf_int_dec                          0x00000000   Number         0  stubs.o ABSOLUTE
    _printf_l                                0x00000000   Number         0  stubs.o ABSOLUTE
    _printf_lc                               0x00000000   Number         0  stubs.o ABSOLUTE
    _printf_ll                               0x00000000   Number         0  stubs.o ABSOLUTE
    _printf_lld                              0x00000000   Number         0  stubs.o ABSOLUTE
    _printf_lli                              0x00000000   Number         0  stubs.o ABSOLUTE
    _printf_llo                              0x00000000   Number         0  stubs.o ABSOLUTE
    _printf_llu                              0x00000000   Number         0  stubs.o ABSOLUTE
    _printf_llx                              0x00000000   Number         0  stubs.o ABSOLUTE
    _printf_longlong_dec                     0x00000000   Number         0  stubs.o ABSOLUTE
    _printf_longlong_hex                     0x00000000   Number         0  stubs.o ABSOLUTE
    _printf_longlong_oct                     0x00000000   Number         0  stubs.o ABSOLUTE
    _printf_ls                               0x00000000   Number         0  stubs.o ABSOLUTE
    _printf_mbtowc                           0x00000000   Number         0  stubs.o ABSOLUTE
    _printf_n                                0x00000000   Number         0  stubs.o ABSOLUTE
    _printf_o                                0x00000000   Number         0  stubs.o ABSOLUTE
    _printf_p                                0x00000000   Number         0  stubs.o ABSOLUTE
    _printf_percent                          0x00000000   Number         0  stubs.o ABSOLUTE
    _printf_pre_padding                      0x00000000   Number         0  stubs.o ABSOLUTE
    _printf_return_value                     0x00000000   Number         0  stubs.o ABSOLUTE
    _printf_s                                0x00000000   Number         0  stubs.o ABSOLUTE
    _printf_sizespec                         0x00000000   Number         0  stubs.o ABSOLUTE
    _printf_str                              0x00000000   Number         0  stubs.o ABSOLUTE
    _printf_truncate_signed                  0x00000000   Number         0  stubs.o ABSOLUTE
    _printf_truncate_unsigned                0x00000000   Number         0  stubs.o ABSOLUTE
    _printf_u                                0x00000000   Number         0  stubs.o ABSOLUTE
    _printf_wc                               0x00000000   Number         0  stubs.o ABSOLUTE
    _printf_wctomb                           0x00000000   Number         0  stubs.o ABSOLUTE
    _printf_widthprec                        0x00000000   Number         0  stubs.o ABSOLUTE
    _printf_x                                0x00000000   Number         0  stubs.o ABSOLUTE
    __arm_fini_                               - Undefined Weak Reference
    __cpp_initialize__aeabi_                  - Undefined Weak Reference
    __cxa_finalize                            - Undefined Weak Reference
    _clock_init                               - Undefined Weak Reference
    _microlib_exit                            - Undefined Weak Reference
    __Vectors_Size                           0x000000ec   Number         0  startup_stm32f10x_md.o ABSOLUTE
    __Vectors                                0x08000000   Data           4  startup_stm32f10x_md.o(RESET)
    __Vectors_End                            0x080000ec   Data           0  startup_stm32f10x_md.o(RESET)
    __main                                   0x080000ed   Thumb Code     0  entry.o(.ARM.Collect$$$$00000000)
    _main_stk                                0x080000ed   Thumb Code     0  entry2.o(.ARM.Collect$$$$00000001)
    _main_scatterload                        0x080000f1   Thumb Code     0  entry5.o(.ARM.Collect$$$$00000004)
    __main_after_scatterload                 0x080000f5   Thumb Code     0  entry5.o(.ARM.Collect$$$$00000004)
    _main_clock                              0x080000f5   Thumb Code     0  entry7b.o(.ARM.Collect$$$$00000008)
    _main_cpp_init                           0x080000f5   Thumb Code     0  entry8b.o(.ARM.Collect$$$$0000000A)
    _main_init                               0x080000f5   Thumb Code     0  entry9a.o(.ARM.Collect$$$$0000000B)
    __rt_lib_shutdown_fini                   0x080000fd   Thumb Code     0  entry12b.o(.ARM.Collect$$$$0000000E)
    __rt_final_cpp                           0x08000101   Thumb Code     0  entry10a.o(.ARM.Collect$$$$0000000F)
    __rt_final_exit                          0x08000101   Thumb Code     0  entry11a.o(.ARM.Collect$$$$00000011)
    main                                     0x08000105   Thumb Code    18  main.o(.text)
    NMI_Handler                              0x08000119   Thumb Code     2  stm32f10x_it.o(.text)
    HardFault_Handler                        0x0800011b   Thumb Code     4  stm32f10x_it.o(.text)
    MemManage_Handler                        0x0800011f   Thumb Code     4  stm32f10x_it.o(.text)
    BusFault_Handler                         0x08000123   Thumb Code     4  stm32f10x_it.o(.text)
    UsageFault_Handler                       0x08000127   Thumb Code     4  stm32f10x_it.o(.text)
    SVC_Handler                              0x0800012b   Thumb Code     2  stm32f10x_it.o(.text)
    DebugMon_Handler                         0x0800012d   Thumb Code     2  stm32f10x_it.o(.text)
    PendSV_Handler                           0x0800012f   Thumb Code     2  stm32f10x_it.o(.text)
    USART1_IRQHandler                        0x08000131   Thumb Code    38  stm32f10x_it.o(.text)
    EXTI9_5_IRQHandler                       0x08000157   Thumb Code    60  stm32f10x_it.o(.text)
    EXTI15_10_IRQHandler                     0x08000193   Thumb Code    22  stm32f10x_it.o(.text)
    SystemInit                               0x08000293   Thumb Code    78  system_stm32f10x.o(.text)
    SystemCoreClockUpdate                    0x080002e1   Thumb Code   142  system_stm32f10x.o(.text)
    Reset_Handler                            0x08000395   Thumb Code     8  startup_stm32f10x_md.o(.text)
    ADC1_2_IRQHandler                        0x080003af   Thumb Code     0  startup_stm32f10x_md.o(.text)
    CAN1_RX1_IRQHandler                      0x080003af   Thumb Code     0  startup_stm32f10x_md.o(.text)
    CAN1_SCE_IRQHandler                      0x080003af   Thumb Code     0  startup_stm32f10x_md.o(.text)
    DMA1_Channel1_IRQHandler                 0x080003af   Thumb Code     0  startup_stm32f10x_md.o(.text)
    DMA1_Channel2_IRQHandler                 0x080003af   Thumb Code     0  startup_stm32f10x_md.o(.text)
    DMA1_Channel3_IRQHandler                 0x080003af   Thumb Code     0  startup_stm32f10x_md.o(.text)
    DMA1_Channel4_IRQHandler                 0x080003af   Thumb Code     0  startup_stm32f10x_md.o(.text)
    DMA1_Channel5_IRQHandler                 0x080003af   Thumb Code     0  startup_stm32f10x_md.o(.text)
    DMA1_Channel6_IRQHandler                 0x080003af   Thumb Code     0  startup_stm32f10x_md.o(.text)
    DMA1_Channel7_IRQHandler                 0x080003af   Thumb Code     0  startup_stm32f10x_md.o(.text)
    EXTI0_IRQHandler                         0x080003af   Thumb Code     0  startup_stm32f10x_md.o(.text)
    EXTI1_IRQHandler                         0x080003af   Thumb Code     0  startup_stm32f10x_md.o(.text)
    EXTI2_IRQHandler                         0x080003af   Thumb Code     0  startup_stm32f10x_md.o(.text)
    EXTI3_IRQHandler                         0x080003af   Thumb Code     0  startup_stm32f10x_md.o(.text)
    EXTI4_IRQHandler                         0x080003af   Thumb Code     0  startup_stm32f10x_md.o(.text)
    FLASH_IRQHandler                         0x080003af   Thumb Code     0  startup_stm32f10x_md.o(.text)
    I2C1_ER_IRQHandler                       0x080003af   Thumb Code     0  startup_stm32f10x_md.o(.text)
    I2C1_EV_IRQHandler                       0x080003af   Thumb Code     0  startup_stm32f10x_md.o(.text)
    I2C2_ER_IRQHandler                       0x080003af   Thumb Code     0  startup_stm32f10x_md.o(.text)
    I2C2_EV_IRQHandler                       0x080003af   Thumb Code     0  startup_stm32f10x_md.o(.text)
    PVD_IRQHandler                           0x080003af   Thumb Code     0  startup_stm32f10x_md.o(.text)
    RCC_IRQHandler                           0x080003af   Thumb Code     0  startup_stm32f10x_md.o(.text)
    RTCAlarm_IRQHandler                      0x080003af   Thumb Code     0  startup_stm32f10x_md.o(.text)
    RTC_IRQHandler                           0x080003af   Thumb Code     0  startup_stm32f10x_md.o(.text)
    SPI1_IRQHandler                          0x080003af   Thumb Code     0  startup_stm32f10x_md.o(.text)
    SPI2_IRQHandler                          0x080003af   Thumb Code     0  startup_stm32f10x_md.o(.text)
    TAMPER_IRQHandler                        0x080003af   Thumb Code     0  startup_stm32f10x_md.o(.text)
    TIM1_BRK_IRQHandler                      0x080003af   Thumb Code     0  startup_stm32f10x_md.o(.text)
    TIM1_CC_IRQHandler                       0x080003af   Thumb Code     0  startup_stm32f10x_md.o(.text)
    TIM1_TRG_COM_IRQHandler                  0x080003af   Thumb Code     0  startup_stm32f10x_md.o(.text)
    TIM1_UP_IRQHandler                       0x080003af   Thumb Code     0  startup_stm32f10x_md.o(.text)
    USART3_IRQHandler                        0x080003af   Thumb Code     0  startup_stm32f10x_md.o(.text)
    USBWakeUp_IRQHandler                     0x080003af   Thumb Code     0  startup_stm32f10x_md.o(.text)
    USB_HP_CAN1_TX_IRQHandler                0x080003af   Thumb Code     0  startup_stm32f10x_md.o(.text)
    USB_LP_CAN1_RX0_IRQHandler               0x080003af   Thumb Code     0  startup_stm32f10x_md.o(.text)
    WWDG_IRQHandler                          0x080003af   Thumb Code     0  startup_stm32f10x_md.o(.text)
    NVIC_PriorityGroupConfig                 0x080003b9   Thumb Code    10  misc.o(.text)
    NVIC_Init                                0x080003c3   Thumb Code   100  misc.o(.text)
    NVIC_SetVectorTable                      0x08000427   Thumb Code    14  misc.o(.text)
    NVIC_SystemLPConfig                      0x08000435   Thumb Code    34  misc.o(.text)
    SysTick_CLKSourceConfig                  0x08000457   Thumb Code    40  misc.o(.text)
    BKP_DeInit                               0x08000495   Thumb Code    16  stm32f10x_bkp.o(.text)
    BKP_TamperPinLevelConfig                 0x080004a5   Thumb Code     6  stm32f10x_bkp.o(.text)
    BKP_TamperPinCmd                         0x080004ab   Thumb Code     8  stm32f10x_bkp.o(.text)
    BKP_ITConfig                             0x080004b3   Thumb Code     8  stm32f10x_bkp.o(.text)
    BKP_RTCOutputConfig                      0x080004bb   Thumb Code    22  stm32f10x_bkp.o(.text)
    BKP_SetRTCCalibrationValue               0x080004d1   Thumb Code    22  stm32f10x_bkp.o(.text)
    BKP_WriteBackupRegister                  0x080004e7   Thumb Code    24  stm32f10x_bkp.o(.text)
    BKP_ReadBackupRegister                   0x080004ff   Thumb Code    26  stm32f10x_bkp.o(.text)
    BKP_GetFlagStatus                        0x08000519   Thumb Code    10  stm32f10x_bkp.o(.text)
    BKP_ClearFlag                            0x08000523   Thumb Code    18  stm32f10x_bkp.o(.text)
    BKP_GetITStatus                          0x08000535   Thumb Code    10  stm32f10x_bkp.o(.text)
    BKP_ClearITPendingBit                    0x0800053f   Thumb Code    18  stm32f10x_bkp.o(.text)
    DMA_DeInit                               0x08000559   Thumb Code   324  stm32f10x_dma.o(.text)
    DMA_Init                                 0x0800069d   Thumb Code    60  stm32f10x_dma.o(.text)
    DMA_StructInit                           0x080006d9   Thumb Code    26  stm32f10x_dma.o(.text)
    DMA_Cmd                                  0x080006f3   Thumb Code    24  stm32f10x_dma.o(.text)
    DMA_ITConfig                             0x0800070b   Thumb Code    18  stm32f10x_dma.o(.text)
    DMA_SetCurrDataCounter                   0x0800071d   Thumb Code     4  stm32f10x_dma.o(.text)
    DMA_GetCurrDataCounter                   0x08000721   Thumb Code     8  stm32f10x_dma.o(.text)
    DMA_GetFlagStatus                        0x08000729   Thumb Code    40  stm32f10x_dma.o(.text)
    DMA_ClearFlag                            0x08000751   Thumb Code    22  stm32f10x_dma.o(.text)
    DMA_GetITStatus                          0x08000767   Thumb Code    40  stm32f10x_dma.o(.text)
    DMA_ClearITPendingBit                    0x0800078f   Thumb Code    22  stm32f10x_dma.o(.text)
    EXTI_DeInit                              0x080007ad   Thumb Code    28  stm32f10x_exti.o(.text)
    EXTI_Init                                0x080007c9   Thumb Code   142  stm32f10x_exti.o(.text)
    EXTI_StructInit                          0x08000857   Thumb Code    16  stm32f10x_exti.o(.text)
    EXTI_GenerateSWInterrupt                 0x08000867   Thumb Code    16  stm32f10x_exti.o(.text)
    EXTI_GetFlagStatus                       0x08000877   Thumb Code    22  stm32f10x_exti.o(.text)
    EXTI_ClearFlag                           0x0800088d   Thumb Code     8  stm32f10x_exti.o(.text)
    EXTI_GetITStatus                         0x08000895   Thumb Code    34  stm32f10x_exti.o(.text)
    EXTI_ClearITPendingBit                   0x080008b7   Thumb Code     8  stm32f10x_exti.o(.text)
    GPIO_DeInit                              0x080008c9   Thumb Code   172  stm32f10x_gpio.o(.text)
    GPIO_AFIODeInit                          0x08000975   Thumb Code    20  stm32f10x_gpio.o(.text)
    GPIO_Init                                0x08000989   Thumb Code   278  stm32f10x_gpio.o(.text)
    GPIO_StructInit                          0x08000a9f   Thumb Code    16  stm32f10x_gpio.o(.text)
    GPIO_ReadInputDataBit                    0x08000aaf   Thumb Code    18  stm32f10x_gpio.o(.text)
    GPIO_ReadInputData                       0x08000ac1   Thumb Code     8  stm32f10x_gpio.o(.text)
    GPIO_ReadOutputDataBit                   0x08000ac9   Thumb Code    18  stm32f10x_gpio.o(.text)
    GPIO_ReadOutputData                      0x08000adb   Thumb Code     8  stm32f10x_gpio.o(.text)
    GPIO_SetBits                             0x08000ae3   Thumb Code     4  stm32f10x_gpio.o(.text)
    GPIO_ResetBits                           0x08000ae7   Thumb Code     4  stm32f10x_gpio.o(.text)
    GPIO_WriteBit                            0x08000aeb   Thumb Code    10  stm32f10x_gpio.o(.text)
    GPIO_Write                               0x08000af5   Thumb Code     4  stm32f10x_gpio.o(.text)
    GPIO_PinLockConfig                       0x08000af9   Thumb Code    18  stm32f10x_gpio.o(.text)
    GPIO_EventOutputConfig                   0x08000b0b   Thumb Code    26  stm32f10x_gpio.o(.text)
    GPIO_EventOutputCmd                      0x08000b25   Thumb Code     6  stm32f10x_gpio.o(.text)
    GPIO_PinRemapConfig                      0x08000b2b   Thumb Code   138  stm32f10x_gpio.o(.text)
    GPIO_EXTILineConfig                      0x08000bb5   Thumb Code    66  stm32f10x_gpio.o(.text)
    GPIO_ETH_MediaInterfaceConfig            0x08000bf7   Thumb Code     8  stm32f10x_gpio.o(.text)
    RCC_DeInit                               0x08000c25   Thumb Code    64  stm32f10x_rcc.o(.text)
    RCC_HSEConfig                            0x08000c65   Thumb Code    70  stm32f10x_rcc.o(.text)
    RCC_GetFlagStatus                        0x08000cab   Thumb Code    56  stm32f10x_rcc.o(.text)
    RCC_WaitForHSEStartUp                    0x08000ce3   Thumb Code    56  stm32f10x_rcc.o(.text)
    RCC_AdjustHSICalibrationValue            0x08000d1b   Thumb Code    20  stm32f10x_rcc.o(.text)
    RCC_HSICmd                               0x08000d2f   Thumb Code     6  stm32f10x_rcc.o(.text)
    RCC_PLLConfig                            0x08000d35   Thumb Code    24  stm32f10x_rcc.o(.text)
    RCC_PLLCmd                               0x08000d4d   Thumb Code     6  stm32f10x_rcc.o(.text)
    RCC_SYSCLKConfig                         0x08000d53   Thumb Code    18  stm32f10x_rcc.o(.text)
    RCC_GetSYSCLKSource                      0x08000d65   Thumb Code    10  stm32f10x_rcc.o(.text)
    RCC_HCLKConfig                           0x08000d6f   Thumb Code    18  stm32f10x_rcc.o(.text)
    RCC_PCLK1Config                          0x08000d81   Thumb Code    18  stm32f10x_rcc.o(.text)
    RCC_PCLK2Config                          0x08000d93   Thumb Code    20  stm32f10x_rcc.o(.text)
    RCC_ITConfig                             0x08000da7   Thumb Code    26  stm32f10x_rcc.o(.text)
    RCC_USBCLKConfig                         0x08000dc1   Thumb Code     8  stm32f10x_rcc.o(.text)
    RCC_ADCCLKConfig                         0x08000dc9   Thumb Code    18  stm32f10x_rcc.o(.text)
    RCC_LSEConfig                            0x08000ddb   Thumb Code    50  stm32f10x_rcc.o(.text)
    RCC_LSICmd                               0x08000e0d   Thumb Code     6  stm32f10x_rcc.o(.text)
    RCC_RTCCLKConfig                         0x08000e13   Thumb Code    12  stm32f10x_rcc.o(.text)
    RCC_RTCCLKCmd                            0x08000e1f   Thumb Code     8  stm32f10x_rcc.o(.text)
    RCC_GetClocksFreq                        0x08000e27   Thumb Code   192  stm32f10x_rcc.o(.text)
    RCC_AHBPeriphClockCmd                    0x08000ee7   Thumb Code    26  stm32f10x_rcc.o(.text)
    RCC_APB2PeriphClockCmd                   0x08000f01   Thumb Code    26  stm32f10x_rcc.o(.text)
    RCC_APB1PeriphClockCmd                   0x08000f1b   Thumb Code    26  stm32f10x_rcc.o(.text)
    RCC_APB2PeriphResetCmd                   0x08000f35   Thumb Code    26  stm32f10x_rcc.o(.text)
    RCC_APB1PeriphResetCmd                   0x08000f4f   Thumb Code    26  stm32f10x_rcc.o(.text)
    RCC_BackupResetCmd                       0x08000f69   Thumb Code     8  stm32f10x_rcc.o(.text)
    RCC_ClockSecuritySystemCmd               0x08000f71   Thumb Code     6  stm32f10x_rcc.o(.text)
    RCC_MCOConfig                            0x08000f77   Thumb Code     6  stm32f10x_rcc.o(.text)
    RCC_ClearFlag                            0x08000f7d   Thumb Code    14  stm32f10x_rcc.o(.text)
    RCC_GetITStatus                          0x08000f8b   Thumb Code    20  stm32f10x_rcc.o(.text)
    RCC_ClearITPendingBit                    0x08000f9f   Thumb Code     6  stm32f10x_rcc.o(.text)
    TIM_DeInit                               0x08000fc9   Thumb Code   424  stm32f10x_tim.o(.text)
    TIM_TimeBaseInit                         0x08001171   Thumb Code   122  stm32f10x_tim.o(.text)
    TIM_OC1Init                              0x080011eb   Thumb Code   132  stm32f10x_tim.o(.text)
    TIM_OC2Init                              0x0800126f   Thumb Code   154  stm32f10x_tim.o(.text)
    TIM_OC3Init                              0x08001309   Thumb Code   150  stm32f10x_tim.o(.text)
    TIM_OC4Init                              0x0800139f   Thumb Code   182  stm32f10x_tim.o(.text)
    TIM_SetIC4Prescaler                      0x08001455   Thumb Code    26  stm32f10x_tim.o(.text)
    TIM_SetIC3Prescaler                      0x080014f1   Thumb Code    18  stm32f10x_tim.o(.text)
    TIM_SetIC2Prescaler                      0x0800157d   Thumb Code    26  stm32f10x_tim.o(.text)
    TIM_SetIC1Prescaler                      0x08001619   Thumb Code    18  stm32f10x_tim.o(.text)
    TIM_ICInit                               0x08001697   Thumb Code   150  stm32f10x_tim.o(.text)
    TIM_PWMIConfig                           0x0800172d   Thumb Code   124  stm32f10x_tim.o(.text)
    TIM_BDTRConfig                           0x080017a9   Thumb Code    32  stm32f10x_tim.o(.text)
    TIM_TimeBaseStructInit                   0x080017c9   Thumb Code    18  stm32f10x_tim.o(.text)
    TIM_OCStructInit                         0x080017db   Thumb Code    20  stm32f10x_tim.o(.text)
    TIM_ICStructInit                         0x080017ef   Thumb Code    18  stm32f10x_tim.o(.text)
    TIM_BDTRStructInit                       0x08001801   Thumb Code    40  stm32f10x_tim.o(.text)
    TIM_Cmd                                  0x08001829   Thumb Code    24  stm32f10x_tim.o(.text)
    TIM_CtrlPWMOutputs                       0x08001841   Thumb Code    30  stm32f10x_tim.o(.text)
    TIM_ITConfig                             0x0800185f   Thumb Code    18  stm32f10x_tim.o(.text)
    TIM_GenerateEvent                        0x08001871   Thumb Code     4  stm32f10x_tim.o(.text)
    TIM_DMAConfig                            0x08001875   Thumb Code    10  stm32f10x_tim.o(.text)
    TIM_DMACmd                               0x0800187f   Thumb Code    18  stm32f10x_tim.o(.text)
    TIM_InternalClockConfig                  0x08001891   Thumb Code    12  stm32f10x_tim.o(.text)
    TIM_SelectInputTrigger                   0x0800189d   Thumb Code    18  stm32f10x_tim.o(.text)
    TIM_ITRxExternalClockConfig              0x080018af   Thumb Code    24  stm32f10x_tim.o(.text)
    TIM_TIxExternalClockConfig               0x080018c7   Thumb Code    62  stm32f10x_tim.o(.text)
    TIM_ETRConfig                            0x08001905   Thumb Code    28  stm32f10x_tim.o(.text)
    TIM_ETRClockMode1Config                  0x08001921   Thumb Code    54  stm32f10x_tim.o(.text)
    TIM_ETRClockMode2Config                  0x08001957   Thumb Code    32  stm32f10x_tim.o(.text)
    TIM_PrescalerConfig                      0x08001977   Thumb Code     6  stm32f10x_tim.o(.text)
    TIM_CounterModeConfig                    0x0800197d   Thumb Code    18  stm32f10x_tim.o(.text)
    TIM_EncoderInterfaceConfig               0x0800198f   Thumb Code    66  stm32f10x_tim.o(.text)
    TIM_ForcedOC1Config                      0x080019d1   Thumb Code    18  stm32f10x_tim.o(.text)
    TIM_ForcedOC2Config                      0x080019e3   Thumb Code    26  stm32f10x_tim.o(.text)
    TIM_ForcedOC3Config                      0x080019fd   Thumb Code    18  stm32f10x_tim.o(.text)
    TIM_ForcedOC4Config                      0x08001a0f   Thumb Code    26  stm32f10x_tim.o(.text)
    TIM_ARRPreloadConfig                     0x08001a29   Thumb Code    24  stm32f10x_tim.o(.text)
    TIM_SelectCOM                            0x08001a41   Thumb Code    24  stm32f10x_tim.o(.text)
    TIM_SelectCCDMA                          0x08001a59   Thumb Code    24  stm32f10x_tim.o(.text)
    TIM_CCPreloadControl                     0x08001a71   Thumb Code    24  stm32f10x_tim.o(.text)
    TIM_OC1PreloadConfig                     0x08001a89   Thumb Code    18  stm32f10x_tim.o(.text)
    TIM_OC2PreloadConfig                     0x08001a9b   Thumb Code    26  stm32f10x_tim.o(.text)
    TIM_OC3PreloadConfig                     0x08001ab5   Thumb Code    18  stm32f10x_tim.o(.text)
    TIM_OC4PreloadConfig                     0x08001ac7   Thumb Code    26  stm32f10x_tim.o(.text)
    TIM_OC1FastConfig                        0x08001ae1   Thumb Code    18  stm32f10x_tim.o(.text)
    TIM_OC2FastConfig                        0x08001af3   Thumb Code    26  stm32f10x_tim.o(.text)
    TIM_OC3FastConfig                        0x08001b0d   Thumb Code    18  stm32f10x_tim.o(.text)
    TIM_OC4FastConfig                        0x08001b1f   Thumb Code    26  stm32f10x_tim.o(.text)
    TIM_ClearOC1Ref                          0x08001b39   Thumb Code    18  stm32f10x_tim.o(.text)
    TIM_ClearOC2Ref                          0x08001b4b   Thumb Code    24  stm32f10x_tim.o(.text)
    TIM_ClearOC3Ref                          0x08001b63   Thumb Code    18  stm32f10x_tim.o(.text)
    TIM_ClearOC4Ref                          0x08001b75   Thumb Code    24  stm32f10x_tim.o(.text)
    TIM_OC1PolarityConfig                    0x08001b8d   Thumb Code    18  stm32f10x_tim.o(.text)
    TIM_OC1NPolarityConfig                   0x08001b9f   Thumb Code    18  stm32f10x_tim.o(.text)
    TIM_OC2PolarityConfig                    0x08001bb1   Thumb Code    26  stm32f10x_tim.o(.text)
    TIM_OC2NPolarityConfig                   0x08001bcb   Thumb Code    26  stm32f10x_tim.o(.text)
    TIM_OC3PolarityConfig                    0x08001be5   Thumb Code    26  stm32f10x_tim.o(.text)
    TIM_OC3NPolarityConfig                   0x08001bff   Thumb Code    26  stm32f10x_tim.o(.text)
    TIM_OC4PolarityConfig                    0x08001c19   Thumb Code    26  stm32f10x_tim.o(.text)
    TIM_CCxCmd                               0x08001c33   Thumb Code    30  stm32f10x_tim.o(.text)
    TIM_CCxNCmd                              0x08001c51   Thumb Code    30  stm32f10x_tim.o(.text)
    TIM_SelectOCxM                           0x08001c6f   Thumb Code    82  stm32f10x_tim.o(.text)
    TIM_UpdateDisableConfig                  0x08001cc1   Thumb Code    24  stm32f10x_tim.o(.text)
    TIM_UpdateRequestConfig                  0x08001cd9   Thumb Code    24  stm32f10x_tim.o(.text)
    TIM_SelectHallSensor                     0x08001cf1   Thumb Code    24  stm32f10x_tim.o(.text)
    TIM_SelectOnePulseMode                   0x08001d09   Thumb Code    18  stm32f10x_tim.o(.text)
    TIM_SelectOutputTrigger                  0x08001d1b   Thumb Code    18  stm32f10x_tim.o(.text)
    TIM_SelectSlaveMode                      0x08001d2d   Thumb Code    18  stm32f10x_tim.o(.text)
    TIM_SelectMasterSlaveMode                0x08001d3f   Thumb Code    18  stm32f10x_tim.o(.text)
    TIM_SetCounter                           0x08001d51   Thumb Code     4  stm32f10x_tim.o(.text)
    TIM_SetAutoreload                        0x08001d55   Thumb Code     4  stm32f10x_tim.o(.text)
    TIM_SetCompare1                          0x08001d59   Thumb Code     4  stm32f10x_tim.o(.text)
    TIM_SetCompare2                          0x08001d5d   Thumb Code     4  stm32f10x_tim.o(.text)
    TIM_SetCompare3                          0x08001d61   Thumb Code     4  stm32f10x_tim.o(.text)
    TIM_SetCompare4                          0x08001d65   Thumb Code     6  stm32f10x_tim.o(.text)
    TIM_SetClockDivision                     0x08001d6b   Thumb Code    18  stm32f10x_tim.o(.text)
    TIM_GetCapture1                          0x08001d7d   Thumb Code     6  stm32f10x_tim.o(.text)
    TIM_GetCapture2                          0x08001d83   Thumb Code     6  stm32f10x_tim.o(.text)
    TIM_GetCapture3                          0x08001d89   Thumb Code     6  stm32f10x_tim.o(.text)
    TIM_GetCapture4                          0x08001d8f   Thumb Code     8  stm32f10x_tim.o(.text)
    TIM_GetCounter                           0x08001d97   Thumb Code     6  stm32f10x_tim.o(.text)
    TIM_GetPrescaler                         0x08001d9d   Thumb Code     6  stm32f10x_tim.o(.text)
    TIM_GetFlagStatus                        0x08001da3   Thumb Code    18  stm32f10x_tim.o(.text)
    TIM_ClearFlag                            0x08001db5   Thumb Code     6  stm32f10x_tim.o(.text)
    TIM_GetITStatus                          0x08001dbb   Thumb Code    34  stm32f10x_tim.o(.text)
    TIM_ClearITPendingBit                    0x08001ddd   Thumb Code     6  stm32f10x_tim.o(.text)
    USART_DeInit                             0x08001de5   Thumb Code   134  stm32f10x_usart.o(.text)
    USART_Init                               0x08001e6b   Thumb Code   210  stm32f10x_usart.o(.text)
    USART_StructInit                         0x08001f3d   Thumb Code    24  stm32f10x_usart.o(.text)
    USART_ClockInit                          0x08001f55   Thumb Code    34  stm32f10x_usart.o(.text)
    USART_ClockStructInit                    0x08001f77   Thumb Code    12  stm32f10x_usart.o(.text)
    USART_Cmd                                0x08001f83   Thumb Code    24  stm32f10x_usart.o(.text)
    USART_ITConfig                           0x08001f9b   Thumb Code    74  stm32f10x_usart.o(.text)
    USART_DMACmd                             0x08001fe5   Thumb Code    18  stm32f10x_usart.o(.text)
    USART_SetAddress                         0x08001ff7   Thumb Code    18  stm32f10x_usart.o(.text)
    USART_WakeUpConfig                       0x08002009   Thumb Code    18  stm32f10x_usart.o(.text)
    USART_ReceiverWakeUpCmd                  0x0800201b   Thumb Code    24  stm32f10x_usart.o(.text)
    USART_LINBreakDetectLengthConfig         0x08002033   Thumb Code    18  stm32f10x_usart.o(.text)
    USART_LINCmd                             0x08002045   Thumb Code    24  stm32f10x_usart.o(.text)
    USART_SendData                           0x0800205d   Thumb Code     8  stm32f10x_usart.o(.text)
    USART_ReceiveData                        0x08002065   Thumb Code    10  stm32f10x_usart.o(.text)
    USART_SendBreak                          0x0800206f   Thumb Code    10  stm32f10x_usart.o(.text)
    USART_SetGuardTime                       0x08002079   Thumb Code    16  stm32f10x_usart.o(.text)
    USART_SetPrescaler                       0x08002089   Thumb Code    16  stm32f10x_usart.o(.text)
    USART_SmartCardCmd                       0x08002099   Thumb Code    24  stm32f10x_usart.o(.text)
    USART_SmartCardNACKCmd                   0x080020b1   Thumb Code    24  stm32f10x_usart.o(.text)
    USART_HalfDuplexCmd                      0x080020c9   Thumb Code    24  stm32f10x_usart.o(.text)
    USART_OverSampling8Cmd                   0x080020e1   Thumb Code    22  stm32f10x_usart.o(.text)
    USART_OneBitMethodCmd                    0x080020f7   Thumb Code    24  stm32f10x_usart.o(.text)
    USART_IrDAConfig                         0x0800210f   Thumb Code    18  stm32f10x_usart.o(.text)
    USART_IrDACmd                            0x08002121   Thumb Code    24  stm32f10x_usart.o(.text)
    USART_GetFlagStatus                      0x08002139   Thumb Code    26  stm32f10x_usart.o(.text)
    USART_ClearFlag                          0x08002153   Thumb Code    18  stm32f10x_usart.o(.text)
    USART_GetITStatus                        0x08002165   Thumb Code    84  stm32f10x_usart.o(.text)
    USART_ClearITPendingBit                  0x080021b9   Thumb Code    52  stm32f10x_usart.o(.text)
    LED_Init                                 0x080021ed   Thumb Code    92  led.o(.text)
    LED_ON                                   0x08002249   Thumb Code    70  led.o(.text)
    LED_OFF                                  0x0800228f   Thumb Code    70  led.o(.text)
    LED_Toggle                               0x080022d5   Thumb Code    92  led.o(.text)
    BEEP_Init                                0x08002339   Thumb Code    50  beep.o(.text)
    BEEP_ON                                  0x0800236b   Thumb Code    14  beep.o(.text)
    BEEP_OFF                                 0x08002379   Thumb Code    14  beep.o(.text)
    BEEP_Toggle                              0x08002387   Thumb Code    18  beep.o(.text)
    DS18B20_Mode_Change                      0x0800239d   Thumb Code    46  ds18b20.o(.text)
    DS18B20_Check                            0x080023cb   Thumb Code    84  ds18b20.o(.text)
    DS18B20_RST                              0x0800241f   Thumb Code    40  ds18b20.o(.text)
    DS18B20_Init                             0x08002447   Thumb Code    46  ds18b20.o(.text)
    DS18B20_Read_Bit                         0x08002475   Thumb Code    68  ds18b20.o(.text)
    DS18B20_Read_Byte                        0x080024b9   Thumb Code    34  ds18b20.o(.text)
    DS18B20_Write_Byte                       0x080024db   Thumb Code    90  ds18b20.o(.text)
    DS18B20_Start                            0x08002535   Thumb Code    18  ds18b20.o(.text)
    DS18B20_Read_Temp                        0x08002547   Thumb Code   132  ds18b20.o(.text)
    ds18b20_task                             0x080025cb   Thumb Code    70  ds18b20.o(.text)
    ds18b20_task_init                        0x08002611   Thumb Code    16  ds18b20.o(.text)
    Key_NVIC_Config                          0x08002649   Thumb Code    52  key.o(.text)
    Key_Init                                 0x0800267d   Thumb Code   138  key.o(.text)
    MPU_Set_LPF                              0x08002711   Thumb Code    60  mpu6050.o(.text)
    MPU_Set_Rate                             0x0800274d   Thumb Code    60  mpu6050.o(.text)
    MPU_Set_Accel_Fsr                        0x08002789   Thumb Code    18  mpu6050.o(.text)
    MPU_Set_Gyro_Fsr                         0x0800279b   Thumb Code    18  mpu6050.o(.text)
    MPU_Init                                 0x080027ad   Thumb Code   190  mpu6050.o(.text)
    MPU_Get_Temperature                      0x0800286b   Thumb Code    86  mpu6050.o(.text)
    MPU_Get_Gyroscope                        0x080028c1   Thumb Code    80  mpu6050.o(.text)
    MPU_Get_Accelerometer                    0x08002911   Thumb Code    80  mpu6050.o(.text)
    mpu6050_task                             0x08002961   Thumb Code   166  mpu6050.o(.text)
    mpu6050_task_init                        0x08002a07   Thumb Code    14  mpu6050.o(.text)
    mpu_reg_dump                             0x08002af3   Thumb Code    84  inv_mpu.o(.text)
    mpu_read_reg                             0x08002b47   Thumb Code    66  inv_mpu.o(.text)
    mpu_set_int_latched                      0x08002b89   Thumb Code   102  inv_mpu.o(.text)
    mpu_set_sensors                          0x08002bef   Thumb Code   202  inv_mpu.o(.text)
    mpu_set_bypass                           0x08002cb9   Thumb Code   328  inv_mpu.o(.text)
    mpu_reset_fifo                           0x08002e01   Thumb Code   472  inv_mpu.o(.text)
    mpu_configure_fifo                       0x08002fd9   Thumb Code   106  inv_mpu.o(.text)
    mpu_set_lpf                              0x08003043   Thumb Code   126  inv_mpu.o(.text)
    mpu_lp_accel_mode                        0x080030c1   Thumb Code   218  inv_mpu.o(.text)
    mpu_set_sample_rate                      0x0800319b   Thumb Code   152  inv_mpu.o(.text)
    mpu_set_accel_fsr                        0x08003233   Thumb Code   132  inv_mpu.o(.text)
    mpu_set_gyro_fsr                         0x080032b7   Thumb Code   132  inv_mpu.o(.text)
    mpu_init                                 0x0800333b   Thumb Code   416  inv_mpu.o(.text)
    mget_ms                                  0x080034db   Thumb Code     2  inv_mpu.o(.text)
    mpu_get_gyro_reg                         0x080034dd   Thumb Code   110  inv_mpu.o(.text)
    mpu_get_accel_reg                        0x0800354b   Thumb Code   110  inv_mpu.o(.text)
    mpu_get_temperature                      0x080035b9   Thumb Code   150  inv_mpu.o(.text)
    mpu_set_accel_bias                       0x0800364f   Thumb Code   468  inv_mpu.o(.text)
    mpu_get_gyro_fsr                         0x08003823   Thumb Code    64  inv_mpu.o(.text)
    mpu_get_accel_fsr                        0x08003863   Thumb Code    72  inv_mpu.o(.text)
    mpu_get_lpf                              0x080038ab   Thumb Code    74  inv_mpu.o(.text)
    mpu_get_sample_rate                      0x080038f5   Thumb Code    26  inv_mpu.o(.text)
    mpu_get_compass_sample_rate              0x0800390f   Thumb Code    10  inv_mpu.o(.text)
    mpu_set_compass_sample_rate              0x08003919   Thumb Code     8  inv_mpu.o(.text)
    mpu_get_gyro_sens                        0x08003921   Thumb Code    58  inv_mpu.o(.text)
    mpu_get_accel_sens                       0x0800395b   Thumb Code    78  inv_mpu.o(.text)
    mpu_get_fifo_config                      0x080039a9   Thumb Code    12  inv_mpu.o(.text)
    mpu_get_power_state                      0x080039b5   Thumb Code    22  inv_mpu.o(.text)
    mpu_get_int_status                       0x080039cb   Thumb Code    64  inv_mpu.o(.text)
    mpu_read_fifo                            0x08003a0b   Thumb Code   520  inv_mpu.o(.text)
    mpu_read_fifo_stream                     0x08003c13   Thumb Code   186  inv_mpu.o(.text)
    mpu_set_int_level                        0x08003ccd   Thumb Code    12  inv_mpu.o(.text)
    mpu_set_dmp_state                        0x080043ab   Thumb Code   138  inv_mpu.o(.text)
    mpu_run_self_test                        0x08004435   Thumb Code   278  inv_mpu.o(.text)
    mpu_write_mem                            0x0800454b   Thumb Code   122  inv_mpu.o(.text)
    mpu_read_mem                             0x080045c5   Thumb Code   122  inv_mpu.o(.text)
    mpu_load_firmware                        0x0800463f   Thumb Code   192  inv_mpu.o(.text)
    mpu_get_dmp_state                        0x080046ff   Thumb Code    14  inv_mpu.o(.text)
    setup_compass                            0x0800470d   Thumb Code     6  inv_mpu.o(.text)
    mpu_get_compass_reg                      0x08004713   Thumb Code     8  inv_mpu.o(.text)
    mpu_get_compass_fsr                      0x0800471b   Thumb Code     8  inv_mpu.o(.text)
    mpu_lp_motion_interrupt                  0x08004723   Thumb Code   512  inv_mpu.o(.text)
    run_self_test                            0x08004923   Thumb Code   148  inv_mpu.o(.text)
    inv_row_2_scale                          0x080049b7   Thumb Code    78  inv_mpu.o(.text)
    inv_orientation_matrix_to_scalar         0x08004a05   Thumb Code    40  inv_mpu.o(.text)
    mpu_dmp_init                             0x08004a2d   Thumb Code   154  inv_mpu.o(.text)
    mpu_dmp_get_data                         0x08004ac7   Thumb Code   554  inv_mpu.o(.text)
    dmp_load_motion_driver_firmware          0x08004cf5   Thumb Code    20  inv_mpu_dmp_motion_driver.o(.text)
    dmp_set_orientation                      0x08004d09   Thumb Code   290  inv_mpu_dmp_motion_driver.o(.text)
    dmp_set_gyro_bias                        0x08004e2b   Thumb Code   294  inv_mpu_dmp_motion_driver.o(.text)
    dmp_set_accel_bias                       0x08004f51   Thumb Code   300  inv_mpu_dmp_motion_driver.o(.text)
    dmp_set_fifo_rate                        0x0800507d   Thumb Code   136  inv_mpu_dmp_motion_driver.o(.text)
    dmp_get_fifo_rate                        0x08005105   Thumb Code    12  inv_mpu_dmp_motion_driver.o(.text)
    dmp_set_tap_thresh                       0x08005111   Thumb Code   396  inv_mpu_dmp_motion_driver.o(.text)
    dmp_set_tap_axes                         0x0800529d   Thumb Code    70  inv_mpu_dmp_motion_driver.o(.text)
    dmp_set_tap_count                        0x080052e3   Thumb Code    38  inv_mpu_dmp_motion_driver.o(.text)
    dmp_set_tap_time                         0x08005309   Thumb Code    38  inv_mpu_dmp_motion_driver.o(.text)
    dmp_set_tap_time_multi                   0x0800532f   Thumb Code    38  inv_mpu_dmp_motion_driver.o(.text)
    dmp_set_shake_reject_thresh              0x08005355   Thumb Code    56  inv_mpu_dmp_motion_driver.o(.text)
    dmp_set_shake_reject_time                0x0800538d   Thumb Code    38  inv_mpu_dmp_motion_driver.o(.text)
    dmp_set_shake_reject_timeout             0x080053b3   Thumb Code    38  inv_mpu_dmp_motion_driver.o(.text)
    dmp_get_pedometer_step_count             0x080053d9   Thumb Code    66  inv_mpu_dmp_motion_driver.o(.text)
    dmp_set_pedometer_step_count             0x0800541b   Thumb Code    42  inv_mpu_dmp_motion_driver.o(.text)
    dmp_get_pedometer_walk_time              0x08005445   Thumb Code    72  inv_mpu_dmp_motion_driver.o(.text)
    dmp_set_pedometer_walk_time              0x0800548d   Thumb Code    48  inv_mpu_dmp_motion_driver.o(.text)
    dmp_enable_6x_lp_quat                    0x080054bd   Thumb Code    84  inv_mpu_dmp_motion_driver.o(.text)
    dmp_enable_lp_quat                       0x08005511   Thumb Code    60  inv_mpu_dmp_motion_driver.o(.text)
    dmp_enable_gyro_cal                      0x0800554d   Thumb Code    62  inv_mpu_dmp_motion_driver.o(.text)
    dmp_enable_feature                       0x0800558b   Thumb Code   530  inv_mpu_dmp_motion_driver.o(.text)
    dmp_get_enabled_features                 0x0800579d   Thumb Code    12  inv_mpu_dmp_motion_driver.o(.text)
    dmp_set_interrupt_mode                   0x08005807   Thumb Code    66  inv_mpu_dmp_motion_driver.o(.text)
    dmp_read_fifo                            0x08005849   Thumb Code   514  inv_mpu_dmp_motion_driver.o(.text)
    dmp_register_tap_cb                      0x08005a4b   Thumb Code    10  inv_mpu_dmp_motion_driver.o(.text)
    dmp_register_android_orient_cb           0x08005a55   Thumb Code    10  inv_mpu_dmp_motion_driver.o(.text)
    ESP8266_GPIO_Config                      0x08005a65   Thumb Code   166  esp_usart.o(.text)
    USART_Send_One_Byte                      0x08005b0b   Thumb Code    30  esp_usart.o(.text)
    USART_Send_str                           0x08005b29   Thumb Code    40  esp_usart.o(.text)
    DMA_Reuse                                0x08005b51   Thumb Code    32  esp_usart.o(.text)
    USART2_IRQHandler                        0x08005b71   Thumb Code    56  esp_usart.o(.text)
    peripheral_init                          0x08005bb9   Thumb Code   132  init.o(.text)
    IIC_Delay                                0x08005c95   Thumb Code    10  soft_iic.o(.text)
    Soft_IIC_Init                            0x08005c9f   Thumb Code    50  soft_iic.o(.text)
    Soft_SDA_IN                              0x08005cd1   Thumb Code    32  soft_iic.o(.text)
    Soft_SDA_OUT                             0x08005cf1   Thumb Code    32  soft_iic.o(.text)
    Soft_IIC_Start                           0x08005d11   Thumb Code    42  soft_iic.o(.text)
    Soft_IIC_Stop                            0x08005d3b   Thumb Code    44  soft_iic.o(.text)
    Soft_IIC_Wait_Ack                        0x08005d67   Thumb Code    68  soft_iic.o(.text)
    Soft_IIC_Ack                             0x08005dab   Thumb Code    48  soft_iic.o(.text)
    Soft_IIC_NAck                            0x08005ddb   Thumb Code    48  soft_iic.o(.text)
    Soft_IIC_Send_Byte                       0x08005e0b   Thumb Code    64  soft_iic.o(.text)
    Soft_IIC_Rcv_Byte                        0x08005e4b   Thumb Code    78  soft_iic.o(.text)
    Soft_IIC_Write_One_Byte                  0x08005e99   Thumb Code    76  soft_iic.o(.text)
    Soft_IIC_Write_Bytes                     0x08005ee5   Thumb Code    96  soft_iic.o(.text)
    Soft_IIC_Read_Bytes                      0x08005f45   Thumb Code   116  soft_iic.o(.text)
    sys_tick_init                            0x08005fc5   Thumb Code    44  systick.o(.text)
    get_tick                                 0x08005ff1   Thumb Code     6  systick.o(.text)
    delay_us                                 0x08005ff7   Thumb Code    22  systick.o(.text)
    delay_ms                                 0x0800600d   Thumb Code    32  systick.o(.text)
    SysTick_Handler                          0x0800602d   Thumb Code    12  systick.o(.text)
    list_init                                0x08006045   Thumb Code     6  task_list.o(.text)
    is_head_valid                            0x0800604b   Thumb Code    20  task_list.o(.text)
    list_insert                              0x0800605f   Thumb Code    10  task_list.o(.text)
    list_add_head                            0x08006069   Thumb Code    32  task_list.o(.text)
    list_add_tail                            0x08006089   Thumb Code    32  task_list.o(.text)
    task_add                                 0x080060a9   Thumb Code    18  task_list.o(.text)
    task_dispatch                            0x080060bb   Thumb Code    32  task_list.o(.text)
    tim2_init                                0x080060dd   Thumb Code    98  tim.o(.text)
    tim3_init                                0x0800613f   Thumb Code    94  tim.o(.text)
    tim4_init                                0x0800619d   Thumb Code    96  tim.o(.text)
    TIM2_IRQHandler                          0x080061fd   Thumb Code    22  tim.o(.text)
    TIM3_IRQHandler                          0x08006213   Thumb Code    22  tim.o(.text)
    TIM4_IRQHandler                          0x08006229   Thumb Code    22  tim.o(.text)
    Debug_USART_init                         0x08006249   Thumb Code   170  usart.o(.text)
    Debug_USART_Send_Byte                    0x080062f3   Thumb Code    30  usart.o(.text)
    Debug_USART_Send_Array                   0x08006311   Thumb Code    50  usart.o(.text)
    Debug_USART_Send_Str                     0x08006343   Thumb Code    44  usart.o(.text)
    fputc                                    0x0800636f   Thumb Code    32  usart.o(.text)
    fgetc                                    0x0800638f   Thumb Code    26  usart.o(.text)
    __aeabi_ldivmod                          0x080063b1   Thumb Code    98  ldiv.o(.text)
    __aeabi_memset                           0x08006413   Thumb Code    14  memseta.o(.text)
    __aeabi_memset4                          0x08006413   Thumb Code     0  memseta.o(.text)
    __aeabi_memset8                          0x08006413   Thumb Code     0  memseta.o(.text)
    __aeabi_memclr                           0x08006421   Thumb Code     4  memseta.o(.text)
    __aeabi_memclr4                          0x08006421   Thumb Code     0  memseta.o(.text)
    __aeabi_memclr8                          0x08006421   Thumb Code     0  memseta.o(.text)
    _memset$wrapper                          0x08006425   Thumb Code    18  memseta.o(.text)
    memcmp                                   0x08006437   Thumb Code    26  memcmp.o(.text)
    __aeabi_fadd                             0x08006451   Thumb Code   164  fadd.o(.text)
    __aeabi_fsub                             0x080064f5   Thumb Code     6  fadd.o(.text)
    __aeabi_frsub                            0x080064fb   Thumb Code     6  fadd.o(.text)
    __aeabi_fmul                             0x08006501   Thumb Code   100  fmul.o(.text)
    __aeabi_fdiv                             0x08006565   Thumb Code   124  fdiv.o(.text)
    __aeabi_dadd                             0x080065e1   Thumb Code   322  dadd.o(.text)
    __aeabi_dsub                             0x08006723   Thumb Code     6  dadd.o(.text)
    __aeabi_drsub                            0x08006729   Thumb Code     6  dadd.o(.text)
    __aeabi_dmul                             0x0800672f   Thumb Code   228  dmul.o(.text)
    __aeabi_ddiv                             0x08006813   Thumb Code   222  ddiv.o(.text)
    __aeabi_i2f                              0x080068f1   Thumb Code    18  fflti.o(.text)
    __aeabi_ui2f                             0x08006903   Thumb Code    10  ffltui.o(.text)
    __aeabi_i2d                              0x0800690d   Thumb Code    34  dflti.o(.text)
    __aeabi_ui2d                             0x0800692f   Thumb Code    26  dfltui.o(.text)
    __aeabi_f2iz                             0x08006949   Thumb Code    50  ffixi.o(.text)
    __aeabi_f2uiz                            0x0800697b   Thumb Code    40  ffixui.o(.text)
    __aeabi_f2d                              0x080069a3   Thumb Code    38  f2d.o(.text)
    __aeabi_cdrcmple                         0x080069c9   Thumb Code    48  cdrcmple.o(.text)
    __aeabi_d2f                              0x080069f9   Thumb Code    56  d2f.o(.text)
    __aeabi_cfcmpeq                          0x08006a31   Thumb Code     0  cfcmple.o(.text)
    __aeabi_cfcmple                          0x08006a31   Thumb Code    20  cfcmple.o(.text)
    __aeabi_cfrcmple                         0x08006a45   Thumb Code    20  cfrcmple.o(.text)
    __aeabi_uidiv                            0x08006a59   Thumb Code     0  uidiv.o(.text)
    __aeabi_uidivmod                         0x08006a59   Thumb Code    44  uidiv.o(.text)
    __aeabi_uldivmod                         0x08006a85   Thumb Code    98  uldiv.o(.text)
    __aeabi_llsl                             0x08006ae7   Thumb Code    30  llshl.o(.text)
    _ll_shift_l                              0x08006ae7   Thumb Code     0  llshl.o(.text)
    __aeabi_lasr                             0x08006b05   Thumb Code    36  llsshr.o(.text)
    _ll_sshift_r                             0x08006b05   Thumb Code     0  llsshr.o(.text)
    __I$use$fp                               0x08006b29   Thumb Code     0  iusefp.o(.text)
    _float_round                             0x08006b29   Thumb Code    18  fepilogue.o(.text)
    _float_epilogue                          0x08006b3b   Thumb Code    92  fepilogue.o(.text)
    _double_round                            0x08006b97   Thumb Code    30  depilogue.o(.text)
    _double_epilogue                         0x08006bb5   Thumb Code   156  depilogue.o(.text)
    __ARM_scalbn                             0x08006c51   Thumb Code    46  dscalb.o(.text)
    scalbn                                   0x08006c51   Thumb Code     0  dscalb.o(.text)
    __aeabi_d2ulz                            0x08006c7f   Thumb Code    48  dfixul.o(.text)
    __aeabi_cdcmpeq                          0x08006cb1   Thumb Code     0  cdcmple.o(.text)
    __aeabi_cdcmple                          0x08006cb1   Thumb Code    48  cdcmple.o(.text)
    __scatterload                            0x08006ce1   Thumb Code    28  init.o(.text)
    __scatterload_rt2                        0x08006ce1   Thumb Code     0  init.o(.text)
    __aeabi_llsr                             0x08006d05   Thumb Code    32  llushr.o(.text)
    _ll_ushift_r                             0x08006d05   Thumb Code     0  llushr.o(.text)
    _dsqrt                                   0x08006d25   Thumb Code   162  dsqrt.o(.text)
    __decompress                             0x08006dc7   Thumb Code     0  __dczerorl2.o(.text)
    __decompress1                            0x08006dc7   Thumb Code    86  __dczerorl2.o(.text)
    __0printf                                0x08006e1d   Thumb Code    22  printfa.o(i.__0printf)
    __1printf                                0x08006e1d   Thumb Code     0  printfa.o(i.__0printf)
    __2printf                                0x08006e1d   Thumb Code     0  printfa.o(i.__0printf)
    __c89printf                              0x08006e1d   Thumb Code     0  printfa.o(i.__0printf)
    printf                                   0x08006e1d   Thumb Code     0  printfa.o(i.__0printf)
    __ARM_fpclassify                         0x08006e3d   Thumb Code    40  fpclassify.o(i.__ARM_fpclassify)
    __kernel_poly                            0x08006e65   Thumb Code   170  poly.o(i.__kernel_poly)
    __mathlib_dbl_infnan                     0x08006f0f   Thumb Code     6  dunder.o(i.__mathlib_dbl_infnan)
    __mathlib_dbl_infnan2                    0x08006f15   Thumb Code     4  dunder.o(i.__mathlib_dbl_infnan2)
    __mathlib_dbl_invalid                    0x08006f19   Thumb Code    12  dunder.o(i.__mathlib_dbl_invalid)
    __mathlib_dbl_underflow                  0x08006f25   Thumb Code    10  dunder.o(i.__mathlib_dbl_underflow)
    __scatterload_copy                       0x08006f35   Thumb Code    14  handlers.o(i.__scatterload_copy)
    __scatterload_null                       0x08006f43   Thumb Code     2  handlers.o(i.__scatterload_null)
    __scatterload_zeroinit                   0x08006f45   Thumb Code    14  handlers.o(i.__scatterload_zeroinit)
    __set_errno                              0x08006f55   Thumb Code     6  errno.o(i.__set_errno)
    asin                                     0x080077ed   Thumb Code   572  asin.o(i.asin)
    atan                                     0x08007a5d   Thumb Code   474  atan.o(i.atan)
    atan2                                    0x08007c7d   Thumb Code   374  atan2.o(i.atan2)
    sqrt                                     0x08007e19   Thumb Code    76  sqrt.o(i.sqrt)
    reg                                      0x08007e64   Data          27  inv_mpu.o(.constdata)
    hw                                       0x08007e80   Data          12  inv_mpu.o(.constdata)
    test                                     0x08007e8c   Data          40  inv_mpu.o(.constdata)
    __mathlib_zero                           0x08008b98   Data           8  qnan.o(.constdata)
    Region$$Table$$Base                      0x08008bf0   Number         0  anon$$obj.o(Region$$Table)
    Region$$Table$$Limit                     0x08008c10   Number         0  anon$$obj.o(Region$$Table)
    SystemCoreClock                          0x20000000   Data           4  system_stm32f10x.o(.data)
    AHBPrescTable                            0x20000004   Data          16  system_stm32f10x.o(.data)
    last_temperature                         0x20000028   Data           4  ds18b20.o(.data)
    cur_temperature                          0x2000002c   Data           4  ds18b20.o(.data)
    cur_pitch                                0x20000030   Data           4  mpu6050.o(.data)
    fir_pitch                                0x20000034   Data           4  mpu6050.o(.data)
    cur_roll                                 0x20000038   Data           4  mpu6050.o(.data)
    fir_roll                                 0x2000003c   Data           4  mpu6050.o(.data)
    cur_yaw                                  0x20000040   Data           4  mpu6050.o(.data)
    fir_yaw                                  0x20000044   Data           4  mpu6050.o(.data)
    RCV_CNT                                  0x2000007e   Data           2  esp8266.o(.data)
    ESP_STATE                                0x20000080   Data           1  esp8266.o(.data)
    AT_CIPSNTPCFG                            0x20000081   Data          38  esp8266.o(.data)
    AT_WIFI_INFO                             0x200000a7   Data          35  esp8266.o(.data)
    AT_MQTTUSRCFG                            0x200000ca   Data         100  esp8266.o(.data)
    AT_MQTTCLIENTID                          0x2000012e   Data          93  esp8266.o(.data)
    AT_MQTTCONN                              0x2000018b   Data          74  esp8266.o(.data)
    AF_MQTTPUB_TEMP                          0x200001d5   Data          65  esp8266.o(.data)
    AF_MQTTPUB_HR_SPO2                       0x20000216   Data          61  esp8266.o(.data)
    DMA_TC_STATUS                            0x20000253   Data           1  esp8266.o(.data)
    MAX30102_RDY                             0x20000254   Data           1  init.o(.data)
    m_tick                                   0x20000258   Data           4  systick.o(.data)
    __stdout                                 0x2000025c   Data           4  stdout.o(.data)
    m_ds18b20_task                           0x20000264   Data          16  ds18b20.o(.bss)
    m_mpu6050_task                           0x20000274   Data          16  mpu6050.o(.bss)
    DMA_RCV_Buffer                           0x20000294   Data        1024  esp_usart.o(.bss)
    __initial_sp                             0x20000a98   Data           0  startup_stm32f10x_md.o(STACK)



==============================================================================

Memory Map of the image

  Image Entry point : 0x080000ed

  Load Region LR_IROM1 (Base: 0x08000000, Size: 0x00008e74, Max: 0x00010000, ABSOLUTE, COMPRESSED[0x00008d9c])

    Execution Region ER_IROM1 (Exec base: 0x08000000, Load base: 0x08000000, Size: 0x00008c10, Max: 0x00010000, ABSOLUTE)

    Exec Addr    Load Addr    Size         Type   Attr      Idx    E Section Name        Object

    0x08000000   0x08000000   0x000000ec   Data   RO          257    RESET               startup_stm32f10x_md.o
    0x080000ec   0x080000ec   0x00000000   Code   RO          943  * .ARM.Collect$$$$00000000  mc_w.l(entry.o)
    0x080000ec   0x080000ec   0x00000004   Code   RO         1289    .ARM.Collect$$$$00000001  mc_w.l(entry2.o)
    0x080000f0   0x080000f0   0x00000004   Code   RO         1292    .ARM.Collect$$$$00000004  mc_w.l(entry5.o)
    0x080000f4   0x080000f4   0x00000000   Code   RO         1294    .ARM.Collect$$$$00000008  mc_w.l(entry7b.o)
    0x080000f4   0x080000f4   0x00000000   Code   RO         1296    .ARM.Collect$$$$0000000A  mc_w.l(entry8b.o)
    0x080000f4   0x080000f4   0x00000008   Code   RO         1297    .ARM.Collect$$$$0000000B  mc_w.l(entry9a.o)
    0x080000fc   0x080000fc   0x00000004   Code   RO         1304    .ARM.Collect$$$$0000000E  mc_w.l(entry12b.o)
    0x08000100   0x08000100   0x00000000   Code   RO         1299    .ARM.Collect$$$$0000000F  mc_w.l(entry10a.o)
    0x08000100   0x08000100   0x00000000   Code   RO         1301    .ARM.Collect$$$$00000011  mc_w.l(entry11a.o)
    0x08000100   0x08000100   0x00000004   Code   RO         1290    .ARM.Collect$$$$00002712  mc_w.l(entry2.o)
    0x08000104   0x08000104   0x00000012   Code   RO            1    .text               main.o
    0x08000116   0x08000116   0x00000002   PAD
    0x08000118   0x08000118   0x0000009c   Code   RO          184    .text               stm32f10x_it.o
    0x080001b4   0x080001b4   0x000001e0   Code   RO          226    .text               system_stm32f10x.o
    0x08000394   0x08000394   0x00000024   Code   RO          258    .text               startup_stm32f10x_md.o
    0x080003b8   0x080003b8   0x000000dc   Code   RO          262    .text               misc.o
    0x08000494   0x08000494   0x000000c4   Code   RO          286    .text               stm32f10x_bkp.o
    0x08000558   0x08000558   0x00000254   Code   RO          358    .text               stm32f10x_dma.o
    0x080007ac   0x080007ac   0x0000011c   Code   RO          370    .text               stm32f10x_exti.o
    0x080008c8   0x080008c8   0x0000035c   Code   RO          406    .text               stm32f10x_gpio.o
    0x08000c24   0x08000c24   0x000003a4   Code   RO          454    .text               stm32f10x_rcc.o
    0x08000fc8   0x08000fc8   0x00000e1a   Code   RO          504    .text               stm32f10x_tim.o
    0x08001de2   0x08001de2   0x00000002   PAD
    0x08001de4   0x08001de4   0x00000408   Code   RO          516    .text               stm32f10x_usart.o
    0x080021ec   0x080021ec   0x0000014c   Code   RO          540    .text               led.o
    0x08002338   0x08002338   0x00000064   Code   RO          552    .text               beep.o
    0x0800239c   0x0800239c   0x000002ac   Code   RO          564    .text               ds18b20.o
    0x08002648   0x08002648   0x000000c8   Code   RO          669    .text               key.o
    0x08002710   0x08002710   0x00000358   Code   RO          697    .text               mpu6050.o
    0x08002a68   0x08002a68   0x0000228c   Code   RO          716    .text               inv_mpu.o
    0x08004cf4   0x08004cf4   0x00000d70   Code   RO          746    .text               inv_mpu_dmp_motion_driver.o
    0x08005a64   0x08005a64   0x00000154   Code   RO          785    .text               esp_usart.o
    0x08005bb8   0x08005bb8   0x000000dc   Code   RO          819    .text               init.o
    0x08005c94   0x08005c94   0x00000330   Code   RO          847    .text               soft_iic.o
    0x08005fc4   0x08005fc4   0x00000080   Code   RO          871    .text               systick.o
    0x08006044   0x08006044   0x00000096   Code   RO          889    .text               task_list.o
    0x080060da   0x080060da   0x00000002   PAD
    0x080060dc   0x080060dc   0x0000016c   Code   RO          901    .text               tim.o
    0x08006248   0x08006248   0x00000168   Code   RO          913    .text               usart.o
    0x080063b0   0x080063b0   0x00000062   Code   RO          946    .text               mc_w.l(ldiv.o)
    0x08006412   0x08006412   0x00000024   Code   RO          951    .text               mc_w.l(memseta.o)
    0x08006436   0x08006436   0x0000001a   Code   RO          955    .text               mc_w.l(memcmp.o)
    0x08006450   0x08006450   0x000000b0   Code   RO         1218    .text               mf_w.l(fadd.o)
    0x08006500   0x08006500   0x00000064   Code   RO         1220    .text               mf_w.l(fmul.o)
    0x08006564   0x08006564   0x0000007c   Code   RO         1222    .text               mf_w.l(fdiv.o)
    0x080065e0   0x080065e0   0x0000014e   Code   RO         1224    .text               mf_w.l(dadd.o)
    0x0800672e   0x0800672e   0x000000e4   Code   RO         1226    .text               mf_w.l(dmul.o)
    0x08006812   0x08006812   0x000000de   Code   RO         1228    .text               mf_w.l(ddiv.o)
    0x080068f0   0x080068f0   0x00000012   Code   RO         1230    .text               mf_w.l(fflti.o)
    0x08006902   0x08006902   0x0000000a   Code   RO         1232    .text               mf_w.l(ffltui.o)
    0x0800690c   0x0800690c   0x00000022   Code   RO         1234    .text               mf_w.l(dflti.o)
    0x0800692e   0x0800692e   0x0000001a   Code   RO         1236    .text               mf_w.l(dfltui.o)
    0x08006948   0x08006948   0x00000032   Code   RO         1238    .text               mf_w.l(ffixi.o)
    0x0800697a   0x0800697a   0x00000028   Code   RO         1240    .text               mf_w.l(ffixui.o)
    0x080069a2   0x080069a2   0x00000026   Code   RO         1242    .text               mf_w.l(f2d.o)
    0x080069c8   0x080069c8   0x00000030   Code   RO         1244    .text               mf_w.l(cdrcmple.o)
    0x080069f8   0x080069f8   0x00000038   Code   RO         1246    .text               mf_w.l(d2f.o)
    0x08006a30   0x08006a30   0x00000014   Code   RO         1248    .text               mf_w.l(cfcmple.o)
    0x08006a44   0x08006a44   0x00000014   Code   RO         1250    .text               mf_w.l(cfrcmple.o)
    0x08006a58   0x08006a58   0x0000002c   Code   RO         1306    .text               mc_w.l(uidiv.o)
    0x08006a84   0x08006a84   0x00000062   Code   RO         1308    .text               mc_w.l(uldiv.o)
    0x08006ae6   0x08006ae6   0x0000001e   Code   RO         1310    .text               mc_w.l(llshl.o)
    0x08006b04   0x08006b04   0x00000024   Code   RO         1312    .text               mc_w.l(llsshr.o)
    0x08006b28   0x08006b28   0x00000000   Code   RO         1321    .text               mc_w.l(iusefp.o)
    0x08006b28   0x08006b28   0x0000006e   Code   RO         1322    .text               mf_w.l(fepilogue.o)
    0x08006b96   0x08006b96   0x000000ba   Code   RO         1324    .text               mf_w.l(depilogue.o)
    0x08006c50   0x08006c50   0x0000002e   Code   RO         1326    .text               mf_w.l(dscalb.o)
    0x08006c7e   0x08006c7e   0x00000030   Code   RO         1328    .text               mf_w.l(dfixul.o)
    0x08006cae   0x08006cae   0x00000002   PAD
    0x08006cb0   0x08006cb0   0x00000030   Code   RO         1330    .text               mf_w.l(cdcmple.o)
    0x08006ce0   0x08006ce0   0x00000024   Code   RO         1332    .text               mc_w.l(init.o)
    0x08006d04   0x08006d04   0x00000020   Code   RO         1334    .text               mc_w.l(llushr.o)
    0x08006d24   0x08006d24   0x000000a2   Code   RO         1336    .text               mf_w.l(dsqrt.o)
    0x08006dc6   0x08006dc6   0x00000056   Code   RO         1346    .text               mc_w.l(__dczerorl2.o)
    0x08006e1c   0x08006e1c   0x00000020   Code   RO         1190    i.__0printf         mc_w.l(printfa.o)
    0x08006e3c   0x08006e3c   0x00000028   Code   RO         1276    i.__ARM_fpclassify  m_ws.l(fpclassify.o)
    0x08006e64   0x08006e64   0x000000aa   Code   RO         1278    i.__kernel_poly     m_ws.l(poly.o)
    0x08006f0e   0x08006f0e   0x00000006   Code   RO         1263    i.__mathlib_dbl_infnan  m_ws.l(dunder.o)
    0x08006f14   0x08006f14   0x00000004   Code   RO         1264    i.__mathlib_dbl_infnan2  m_ws.l(dunder.o)
    0x08006f18   0x08006f18   0x0000000c   Code   RO         1265    i.__mathlib_dbl_invalid  m_ws.l(dunder.o)
    0x08006f24   0x08006f24   0x00000010   Code   RO         1268    i.__mathlib_dbl_underflow  m_ws.l(dunder.o)
    0x08006f34   0x08006f34   0x0000000e   Code   RO         1340    i.__scatterload_copy  mc_w.l(handlers.o)
    0x08006f42   0x08006f42   0x00000002   Code   RO         1341    i.__scatterload_null  mc_w.l(handlers.o)
    0x08006f44   0x08006f44   0x0000000e   Code   RO         1342    i.__scatterload_zeroinit  mc_w.l(handlers.o)
    0x08006f52   0x08006f52   0x00000002   PAD
    0x08006f54   0x08006f54   0x0000000c   Code   RO         1316    i.__set_errno       mc_w.l(errno.o)
    0x08006f60   0x08006f60   0x00000184   Code   RO         1197    i._fp_digits        mc_w.l(printfa.o)
    0x080070e4   0x080070e4   0x000006b4   Code   RO         1198    i._printf_core      mc_w.l(printfa.o)
    0x08007798   0x08007798   0x00000024   Code   RO         1199    i._printf_post_padding  mc_w.l(printfa.o)
    0x080077bc   0x080077bc   0x0000002e   Code   RO         1200    i._printf_pre_padding  mc_w.l(printfa.o)
    0x080077ea   0x080077ea   0x00000002   PAD
    0x080077ec   0x080077ec   0x00000270   Code   RO          926    i.asin              m_ws.l(asin.o)
    0x08007a5c   0x08007a5c   0x00000220   Code   RO         1253    i.atan              m_ws.l(atan.o)
    0x08007c7c   0x08007c7c   0x0000019c   Code   RO          936    i.atan2             m_ws.l(atan2.o)
    0x08007e18   0x08007e18   0x0000004c   Code   RO         1282    i.sqrt              m_ws.l(sqrt.o)
    0x08007e64   0x08007e64   0x00000050   Data   RO          717    .constdata          inv_mpu.o
    0x08007eb4   0x08007eb4   0x00000bf6   Data   RO          748    .constdata          inv_mpu_dmp_motion_driver.o
    0x08008aaa   0x08008aaa   0x00000006   PAD
    0x08008ab0   0x08008ab0   0x00000050   Data   RO          927    .constdata          m_ws.l(asin.o)
    0x08008b00   0x08008b00   0x00000098   Data   RO         1254    .constdata          m_ws.l(atan.o)
    0x08008b98   0x08008b98   0x00000008   Data   RO         1280    .constdata          m_ws.l(qnan.o)
    0x08008ba0   0x08008ba0   0x0000004d   Data   RO          718    .conststring        inv_mpu.o
    0x08008bed   0x08008bed   0x00000003   PAD
    0x08008bf0   0x08008bf0   0x00000020   Data   RO         1338    Region$$Table       anon$$obj.o


    Execution Region RW_IRAM1 (Exec base: 0x20000000, Load base: 0x08008c10, Size: 0x00000a98, Max: 0x00005000, ABSOLUTE, COMPRESSED[0x0000018c])

    Exec Addr    Load Addr    Size         Type   Attr      Idx    E Section Name        Object

    0x20000000   COMPRESSED   0x00000014   Data   RW          227    .data               system_stm32f10x.o
    0x20000014   COMPRESSED   0x00000014   Data   RW          455    .data               stm32f10x_rcc.o
    0x20000028   COMPRESSED   0x00000008   Data   RW          566    .data               ds18b20.o
    0x20000030   COMPRESSED   0x00000018   Data   RW          699    .data               mpu6050.o
    0x20000048   COMPRESSED   0x00000035   Data   RW          719    .data               inv_mpu.o
    0x2000007d   COMPRESSED   0x00000001   PAD
    0x2000007e   COMPRESSED   0x000001d6   Data   RW          770    .data               esp8266.o
    0x20000254   COMPRESSED   0x00000001   Data   RW          820    .data               init.o
    0x20000255   COMPRESSED   0x00000003   PAD
    0x20000258   COMPRESSED   0x00000004   Data   RW          872    .data               systick.o
    0x2000025c   COMPRESSED   0x00000004   Data   RW         1305    .data               mc_w.l(stdout.o)
    0x20000260   COMPRESSED   0x00000004   Data   RW         1317    .data               mc_w.l(errno.o)
    0x20000264        -       0x00000010   Zero   RW          565    .bss                ds18b20.o
    0x20000274        -       0x00000010   Zero   RW          698    .bss                mpu6050.o
    0x20000284        -       0x00000010   Zero   RW          747    .bss                inv_mpu_dmp_motion_driver.o
    0x20000294        -       0x00000400   Zero   RW          786    .bss                esp_usart.o
    0x20000694   COMPRESSED   0x00000004   PAD
    0x20000698        -       0x00000400   Zero   RW          255    STACK               startup_stm32f10x_md.o


==============================================================================

Image component sizes


      Code (inc. data)   RO Data    RW Data    ZI Data      Debug   Object Name

       100          4          0          0          0        845   beep.o
         0          0          0          0          0         32   core_cm3.o
       684         40          0          8         16       3044   ds18b20.o
         0          0          0        470          0       1448   esp8266.o
       340         16          0          0       1024       2176   esp_usart.o
       220         88          0          1          0       1504   init.o
      8844        198        157         53          0      24053   inv_mpu.o
      3440        126       3062          0         16      15455   inv_mpu_dmp_motion_driver.o
       200         10          0          0          0        723   key.o
       332          8          0          0          0       1069   led.o
        18          0          0          0          0     264747   main.o
       220         22          0          0          0       1809   misc.o
       856         84          0         24         16       3301   mpu6050.o
         0          0          0          0          0       1260   oled_iic.o
       816         12          0          0          0       3999   soft_iic.o
        36          8        236          0       1024        796   startup_stm32f10x_md.o
       196          8          0          0          0       3504   stm32f10x_bkp.o
       596          8          0          0          0       4370   stm32f10x_dma.o
       284         10          0          0          0       2263   stm32f10x_exti.o
       860         38          0          0          0       5741   stm32f10x_gpio.o
       156         12          0          0          0       1620   stm32f10x_it.o
       932         36          0         20          0       8920   stm32f10x_rcc.o
      3610         88          0          0          0      22848   stm32f10x_tim.o
      1032         22          0          0          0       8464   stm32f10x_usart.o
       480         38          0         20          0       1763   system_stm32f10x.o
       128         12          0          4          0       1728   systick.o
       150          0          0          0          0       2429   task_list.o
       364         10          0          0          0       1688   tim.o
       360          8          0          0          0       2185   usart.o

    ----------------------------------------------------------------------
     25260        906       3496        604       2100     393784   Object Totals
         0          0         32          0          0          0   (incl. Generated)
         6          0          9          4          4          0   (incl. Padding)

    ----------------------------------------------------------------------

      Code (inc. data)   RO Data    RW Data    ZI Data      Debug   Library Member Name

       624         52         80          0          0        168   asin.o
       544         70        152          0          0        124   atan.o
       412         38          0          0          0        144   atan2.o
        38          6          0          0          0        272   dunder.o
        40          0          0          0          0         68   fpclassify.o
       170          0          0          0          0         96   poly.o
         0          0          8          0          0          0   qnan.o
        76          0          0          0          0         84   sqrt.o
        86          0          0          0          0          0   __dczerorl2.o
         0          0          0          0          0          0   entry.o
         0          0          0          0          0          0   entry10a.o
         0          0          0          0          0          0   entry11a.o
         4          0          0          0          0          0   entry12b.o
         8          4          0          0          0          0   entry2.o
         4          0          0          0          0          0   entry5.o
         0          0          0          0          0          0   entry7b.o
         0          0          0          0          0          0   entry8b.o
         8          4          0          0          0          0   entry9a.o
        12          6          0          4          0         68   errno.o
        30          0          0          0          0          0   handlers.o
        36          8          0          0          0         68   init.o
         0          0          0          0          0          0   iusefp.o
        98          0          0          0          0         84   ldiv.o
        30          0          0          0          0         68   llshl.o
        36          0          0          0          0         68   llsshr.o
        32          0          0          0          0         68   llushr.o
        26          0          0          0          0         80   memcmp.o
        36          0          0          0          0        108   memseta.o
      2218         90          0          0          0        464   printfa.o
         0          0          0          4          0          0   stdout.o
        44          0          0          0          0         80   uidiv.o
        98          0          0          0          0         92   uldiv.o
        48          0          0          0          0         68   cdcmple.o
        48          0          0          0          0         68   cdrcmple.o
        20          0          0          0          0         68   cfcmple.o
        20          0          0          0          0         68   cfrcmple.o
        56          0          0          0          0         88   d2f.o
       334          0          0          0          0        148   dadd.o
       222          0          0          0          0        100   ddiv.o
       186          0          0          0          0        176   depilogue.o
        48          0          0          0          0         68   dfixul.o
        34          0          0          0          0         76   dflti.o
        26          0          0          0          0         76   dfltui.o
       228          0          0          0          0         96   dmul.o
        46          0          0          0          0         80   dscalb.o
       162          0          0          0          0        100   dsqrt.o
        38          0          0          0          0         68   f2d.o
       176          0          0          0          0        140   fadd.o
       124          0          0          0          0         88   fdiv.o
       110          0          0          0          0        168   fepilogue.o
        50          0          0          0          0         68   ffixi.o
        40          0          0          0          0         68   ffixui.o
        18          0          0          0          0         68   fflti.o
        10          0          0          0          0         68   ffltui.o
       100          0          0          0          0         76   fmul.o

    ----------------------------------------------------------------------
      6860        278        240          8          0       4296   Library Totals
         6          0          0          0          0          0   (incl. Padding)

    ----------------------------------------------------------------------

      Code (inc. data)   RO Data    RW Data    ZI Data      Debug   Library Name

      1904        166        240          0          0        956   m_ws.l
      2806        112          0          8          0       1248   mc_w.l
      2144          0          0          0          0       2092   mf_w.l

    ----------------------------------------------------------------------
      6860        278        240          8          0       4296   Library Totals

    ----------------------------------------------------------------------

==============================================================================


      Code (inc. data)   RO Data    RW Data    ZI Data      Debug   

     32120       1184       3736        612       2100     393216   Grand Totals
     32120       1184       3736        396       2100     393216   ELF Image Totals (compressed)
     32120       1184       3736        396          0          0   ROM Totals

==============================================================================

    Total RO  Size (Code + RO Data)                35856 (  35.02kB)
    Total RW  Size (RW Data + ZI Data)              2712 (   2.65kB)
    Total ROM Size (Code + RO Data + RW Data)      36252 (  35.40kB)

==============================================================================

